Command line invocation:
    /Applications/Xcode.app/Contents/Developer/usr/bin/xcodebuild -scheme "NinetyWatch Watch App" -sdk watchsimulator26.4 -configuration Debug build

Build settings from command line:
    SDKROOT = watchsimulator26.4

--- xcodebuild: WARNING: Using the first of multiple matching destinations:
{ platform:watchOS Simulator, id:dvtdevice-DVTiOSDeviceSimulatorPlaceholder-watchsimulator:placeholder, name:Any watchOS Simulator Device }
{ platform:watchOS Simulator, arch:arm64, id:838B2F05-E5C7-4687-A897-8D99A6DA3A06, OS:26.4, name:Apple Watch SE 3 (40mm) }
{ platform:watchOS Simulator, arch:arm64, id:EF4D5E54-94BE-4A5C-8F66-94196ED00593, OS:26.4, name:Apple Watch SE 3 (44mm) }
{ platform:watchOS Simulator, arch:arm64, id:72D8EEA8-DFEC-48F2-B9BF-B6BDCA1AFC65, OS:26.4, name:Apple Watch Series 11 (42mm) }
{ platform:watchOS Simulator, arch:arm64, id:CF2E6D1E-730D-4E66-8728-E4F0A8D38117, OS:26.4, name:Apple Watch Series 11 (46mm) }
{ platform:watchOS Simulator, arch:arm64, id:05791D9F-D387-44B7-B417-9B38B304B11B, OS:26.4, name:Apple Watch Ultra 3 (49mm) }
{ platform:watchOS, id:dvtdevice-DVTiOSDevicePlaceholder-watchos:placeholder, name:Any watchOS Device }
{ platform:watchOS, arch:arm64, id:00008310-001243E63AD3601E, name:Apple Watch di Michele }
{ platform:watchOS, arch:arm64_32, id:00008310-001243E63AD3601E, name:Apple Watch di Michele }
ComputePackagePrebuildTargetDependencyGraph

Prepare packages

CreateBuildRequest

SendProjectDescription

CreateBuildOperation

ComputeTargetDependencyGraph
note: Building targets in dependency order
note: Target dependency graph (2 targets)
    Target 'Ninety' in project 'Ninety'
        ➜ Explicit dependency on target 'NinetyWatch Watch App' in project 'Ninety'
    Target 'NinetyWatch Watch App' in project 'Ninety' (no dependencies)

GatherProvisioningInputs

CreateBuildDescription

ExecuteExternalTool /usr/bin/what -q /Applications/Xcode.app/Contents/Developer/Toolchains/XcodeDefault.xctoolchain/usr/bin/coremlc

ExecuteExternalTool /Applications/Xcode.app/Contents/Developer/usr/bin/xcstringstool compile --dry-run --output-directory /Users/michele/Library/Developer/Xcode/DerivedData/Ninety-dgdgpfwgmyzmvsajgwhxktscetgw/Build/Intermediates.noindex/Ninety.build/Debug-watchsimulator/NinetyWatch Watch App.build /Users/michele/Documents/Ninety-app/Ninety/Localizable.xcstrings

ExecuteExternalTool /Applications/Xcode.app/Contents/Developer/Toolchains/XcodeDefault.xctoolchain/usr/bin/clang -v -E -dM -isysroot /Applications/Xcode.app/Contents/Developer/Platforms/WatchSimulator.platform/Developer/SDKs/WatchSimulator26.4.sdk -x c -c /dev/null

ExecuteExternalTool /Applications/Xcode.app/Contents/Developer/usr/bin/xcstringstool compile --dry-run --output-directory /Users/michele/Library/Developer/Xcode/DerivedData/Ninety-dgdgpfwgmyzmvsajgwhxktscetgw/Build/Intermediates.noindex/Ninety.build/Debug-watchsimulator/Ninety.build /Users/michele/Documents/Ninety-app/Ninety/Localizable.xcstrings

ExecuteExternalTool /Applications/Xcode.app/Contents/Developer/usr/bin/actool --print-asset-tag-combinations --output-format xml1 /Users/michele/Documents/Ninety-app/NinetyWatch Watch App/Assets.xcassets

ExecuteExternalTool /Applications/Xcode.app/Contents/Developer/usr/bin/actool --print-asset-tag-combinations --output-format xml1 /Users/michele/Documents/Ninety-app/Ninety/Preview Content/Preview Assets.xcassets /Users/michele/Documents/Ninety-app/Ninety/Assets.xcassets

ExecuteExternalTool /Applications/Xcode.app/Contents/Developer/usr/bin/actool --version --output-format xml1

ExecuteExternalTool /Applications/Xcode.app/Contents/Developer/Toolchains/XcodeDefault.xctoolchain/usr/bin/swiftc --version

ExecuteExternalTool /Applications/Xcode.app/Contents/Developer/Toolchains/XcodeDefault.xctoolchain/usr/bin/ld -version_details

Build description signature: fe6a4af4d8ca3fe23cba6558adaf0b1d
Build description path: /Users/michele/Library/Developer/Xcode/DerivedData/Ninety-dgdgpfwgmyzmvsajgwhxktscetgw/Build/Intermediates.noindex/XCBuildData/fe6a4af4d8ca3fe23cba6558adaf0b1d.xcbuilddata
ClangStatCache /Applications/Xcode.app/Contents/Developer/Toolchains/XcodeDefault.xctoolchain/usr/bin/clang-stat-cache /Applications/Xcode.app/Contents/Developer/Platforms/WatchSimulator.platform/Developer/SDKs/WatchSimulator26.4.sdk /Users/michele/Library/Developer/Xcode/DerivedData/SDKStatCaches.noindex/watchsimulator26.4-23T238-8aa186fa658f8d2cb200b6f26918d89b.sdkstatcache
    cd /Users/michele/Documents/Ninety-app/Ninety.xcodeproj
    /Applications/Xcode.app/Contents/Developer/Toolchains/XcodeDefault.xctoolchain/usr/bin/clang-stat-cache /Applications/Xcode.app/Contents/Developer/Platforms/WatchSimulator.platform/Developer/SDKs/WatchSimulator26.4.sdk -o /Users/michele/Library/Developer/Xcode/DerivedData/SDKStatCaches.noindex/watchsimulator26.4-23T238-8aa186fa658f8d2cb200b6f26918d89b.sdkstatcache

WriteAuxiliaryFile /Users/michele/Library/Developer/Xcode/DerivedData/Ninety-dgdgpfwgmyzmvsajgwhxktscetgw/Build/Intermediates.noindex/Ninety.build/Debug-watchsimulator/Ninety-b81857d357c96b510161ea5e79d370c4-VFS-watchsimulator/all-product-headers.yaml
    cd /Users/michele/Documents/Ninety-app/Ninety.xcodeproj
    write-file /Users/michele/Library/Developer/Xcode/DerivedData/Ninety-dgdgpfwgmyzmvsajgwhxktscetgw/Build/Intermediates.noindex/Ninety.build/Debug-watchsimulator/Ninety-b81857d357c96b510161ea5e79d370c4-VFS-watchsimulator/all-product-headers.yaml

GenerateAssetSymbols /Users/michele/Documents/Ninety-app/NinetyWatch\ Watch\ App/Assets.xcassets (in target 'NinetyWatch Watch App' from project 'Ninety')
    cd /Users/michele/Documents/Ninety-app
    /Applications/Xcode.app/Contents/Developer/usr/bin/actool /Users/michele/Documents/Ninety-app/NinetyWatch\ Watch\ App/Assets.xcassets --compile /Users/michele/Library/Developer/Xcode/DerivedData/Ninety-dgdgpfwgmyzmvsajgwhxktscetgw/Build/Products/Debug-watchsimulator/NinetyWatch\ Watch\ App.app --output-format human-readable-text --notices --warnings --export-dependency-info /Users/michele/Library/Developer/Xcode/DerivedData/Ninety-dgdgpfwgmyzmvsajgwhxktscetgw/Build/Intermediates.noindex/Ninety.build/Debug-watchsimulator/NinetyWatch\ Watch\ App.build/assetcatalog_dependencies --output-partial-info-plist /Users/michele/Library/Developer/Xcode/DerivedData/Ninety-dgdgpfwgmyzmvsajgwhxktscetgw/Build/Intermediates.noindex/Ninety.build/Debug-watchsimulator/NinetyWatch\ Watch\ App.build/assetcatalog_generated_info.plist --app-icon AppIcon --accent-color AccentColor --compress-pngs --enable-on-demand-resources YES --development-region en --target-device watch --minimum-deployment-target 26.0 --platform watchsimulator --bundle-identifier it.ninetyTeam.ninety.watchkitapp --generate-swift-asset-symbols /Users/michele/Library/Developer/Xcode/DerivedData/Ninety-dgdgpfwgmyzmvsajgwhxktscetgw/Build/Intermediates.noindex/Ninety.build/Debug-watchsimulator/NinetyWatch\ Watch\ App.build/DerivedSources/GeneratedAssetSymbols.swift --generate-objc-asset-symbols /Users/michele/Library/Developer/Xcode/DerivedData/Ninety-dgdgpfwgmyzmvsajgwhxktscetgw/Build/Intermediates.noindex/Ninety.build/Debug-watchsimulator/NinetyWatch\ Watch\ App.build/DerivedSources/GeneratedAssetSymbols.h --generate-asset-symbol-index /Users/michele/Library/Developer/Xcode/DerivedData/Ninety-dgdgpfwgmyzmvsajgwhxktscetgw/Build/Intermediates.noindex/Ninety.build/Debug-watchsimulator/NinetyWatch\ Watch\ App.build/DerivedSources/GeneratedAssetSymbols-Index.plist
/* com.apple.actool.compilation-results */
/Users/michele/Library/Developer/Xcode/DerivedData/Ninety-dgdgpfwgmyzmvsajgwhxktscetgw/Build/Intermediates.noindex/Ninety.build/Debug-watchsimulator/NinetyWatch Watch App.build/DerivedSources/GeneratedAssetSymbols-Index.plist
/Users/michele/Library/Developer/Xcode/DerivedData/Ninety-dgdgpfwgmyzmvsajgwhxktscetgw/Build/Intermediates.noindex/Ninety.build/Debug-watchsimulator/NinetyWatch Watch App.build/DerivedSources/GeneratedAssetSymbols.h
/Users/michele/Library/Developer/Xcode/DerivedData/Ninety-dgdgpfwgmyzmvsajgwhxktscetgw/Build/Intermediates.noindex/Ninety.build/Debug-watchsimulator/NinetyWatch Watch App.build/DerivedSources/GeneratedAssetSymbols.swift


CompileAssetCatalogVariant thinned /Users/michele/Library/Developer/Xcode/DerivedData/Ninety-dgdgpfwgmyzmvsajgwhxktscetgw/Build/Products/Debug-watchsimulator/NinetyWatch\ Watch\ App.app /Users/michele/Documents/Ninety-app/NinetyWatch\ Watch\ App/Assets.xcassets (in target 'NinetyWatch Watch App' from project 'Ninety')
    cd /Users/michele/Documents/Ninety-app
    /Applications/Xcode.app/Contents/Developer/usr/bin/actool /Users/michele/Documents/Ninety-app/NinetyWatch\ Watch\ App/Assets.xcassets --compile /Users/michele/Library/Developer/Xcode/DerivedData/Ninety-dgdgpfwgmyzmvsajgwhxktscetgw/Build/Intermediates.noindex/Ninety.build/Debug-watchsimulator/NinetyWatch\ Watch\ App.build/assetcatalog_output/thinned --output-format human-readable-text --notices --warnings --export-dependency-info /Users/michele/Library/Developer/Xcode/DerivedData/Ninety-dgdgpfwgmyzmvsajgwhxktscetgw/Build/Intermediates.noindex/Ninety.build/Debug-watchsimulator/NinetyWatch\ Watch\ App.build/assetcatalog_dependencies_thinned --output-partial-info-plist /Users/michele/Library/Developer/Xcode/DerivedData/Ninety-dgdgpfwgmyzmvsajgwhxktscetgw/Build/Intermediates.noindex/Ninety.build/Debug-watchsimulator/NinetyWatch\ Watch\ App.build/assetcatalog_generated_info.plist_thinned --app-icon AppIcon --accent-color AccentColor --compress-pngs --enable-on-demand-resources YES --development-region en --target-device watch --minimum-deployment-target 26.0 --platform watchsimulator
/* com.apple.actool.compilation-results */
/Users/michele/Library/Developer/Xcode/DerivedData/Ninety-dgdgpfwgmyzmvsajgwhxktscetgw/Build/Intermediates.noindex/Ninety.build/Debug-watchsimulator/NinetyWatch Watch App.build/assetcatalog_generated_info.plist_thinned
/Users/michele/Library/Developer/Xcode/DerivedData/Ninety-dgdgpfwgmyzmvsajgwhxktscetgw/Build/Intermediates.noindex/Ninety.build/Debug-watchsimulator/NinetyWatch Watch App.build/assetcatalog_output/thinned/Assets.car


CompileXCStrings /Users/michele/Library/Developer/Xcode/DerivedData/Ninety-dgdgpfwgmyzmvsajgwhxktscetgw/Build/Intermediates.noindex/Ninety.build/Debug-watchsimulator/NinetyWatch\ Watch\ App.build/ /Users/michele/Documents/Ninety-app/Ninety/Localizable.xcstrings (in target 'NinetyWatch Watch App' from project 'Ninety')
    cd /Users/michele/Documents/Ninety-app
    /Applications/Xcode.app/Contents/Developer/usr/bin/xcstringstool compile --output-directory /Users/michele/Library/Developer/Xcode/DerivedData/Ninety-dgdgpfwgmyzmvsajgwhxktscetgw/Build/Intermediates.noindex/Ninety.build/Debug-watchsimulator/NinetyWatch\ Watch\ App.build /Users/michele/Documents/Ninety-app/Ninety/Localizable.xcstrings

CopyStringsFile /Users/michele/Library/Developer/Xcode/DerivedData/Ninety-dgdgpfwgmyzmvsajgwhxktscetgw/Build/Products/Debug-watchsimulator/NinetyWatch\ Watch\ App.app/es.lproj/Localizable.strings /Users/michele/Library/Developer/Xcode/DerivedData/Ninety-dgdgpfwgmyzmvsajgwhxktscetgw/Build/Intermediates.noindex/Ninety.build/Debug-watchsimulator/NinetyWatch\ Watch\ App.build/es.lproj/Localizable.strings (in target 'NinetyWatch Watch App' from project 'Ninety')
    cd /Users/michele/Documents/Ninety-app
    builtin-copyStrings --validate --outputencoding binary --outfilename Localizable.strings --outdir /Users/michele/Library/Developer/Xcode/DerivedData/Ninety-dgdgpfwgmyzmvsajgwhxktscetgw/Build/Products/Debug-watchsimulator/NinetyWatch\ Watch\ App.app/es.lproj -- /Users/michele/Library/Developer/Xcode/DerivedData/Ninety-dgdgpfwgmyzmvsajgwhxktscetgw/Build/Intermediates.noindex/Ninety.build/Debug-watchsimulator/NinetyWatch\ Watch\ App.build/es.lproj/Localizable.strings
/Users/michele/Library/Developer/Xcode/DerivedData/Ninety-dgdgpfwgmyzmvsajgwhxktscetgw/Build/Intermediates.noindex/Ninety.build/Debug-watchsimulator/NinetyWatch Watch App.build/es.lproj/Localizable.strings:1:1: note: detected encoding of input file as Unicode (UTF-8) (in target 'NinetyWatch Watch App' from project 'Ninety')

CopyStringsFile /Users/michele/Library/Developer/Xcode/DerivedData/Ninety-dgdgpfwgmyzmvsajgwhxktscetgw/Build/Products/Debug-watchsimulator/NinetyWatch\ Watch\ App.app/zh-Hans.lproj/Localizable.strings /Users/michele/Library/Developer/Xcode/DerivedData/Ninety-dgdgpfwgmyzmvsajgwhxktscetgw/Build/Intermediates.noindex/Ninety.build/Debug-watchsimulator/NinetyWatch\ Watch\ App.build/zh-Hans.lproj/Localizable.strings (in target 'NinetyWatch Watch App' from project 'Ninety')
    cd /Users/michele/Documents/Ninety-app
    builtin-copyStrings --validate --outputencoding binary --outfilename Localizable.strings --outdir /Users/michele/Library/Developer/Xcode/DerivedData/Ninety-dgdgpfwgmyzmvsajgwhxktscetgw/Build/Products/Debug-watchsimulator/NinetyWatch\ Watch\ App.app/zh-Hans.lproj -- /Users/michele/Library/Developer/Xcode/DerivedData/Ninety-dgdgpfwgmyzmvsajgwhxktscetgw/Build/Intermediates.noindex/Ninety.build/Debug-watchsimulator/NinetyWatch\ Watch\ App.build/zh-Hans.lproj/Localizable.strings
/Users/michele/Library/Developer/Xcode/DerivedData/Ninety-dgdgpfwgmyzmvsajgwhxktscetgw/Build/Intermediates.noindex/Ninety.build/Debug-watchsimulator/NinetyWatch Watch App.build/zh-Hans.lproj/Localizable.strings:1:1: note: detected encoding of input file as Unicode (UTF-8) (in target 'NinetyWatch Watch App' from project 'Ninety')

CopyStringsFile /Users/michele/Library/Developer/Xcode/DerivedData/Ninety-dgdgpfwgmyzmvsajgwhxktscetgw/Build/Products/Debug-watchsimulator/NinetyWatch\ Watch\ App.app/it.lproj/Localizable.strings /Users/michele/Library/Developer/Xcode/DerivedData/Ninety-dgdgpfwgmyzmvsajgwhxktscetgw/Build/Intermediates.noindex/Ninety.build/Debug-watchsimulator/NinetyWatch\ Watch\ App.build/it.lproj/Localizable.strings (in target 'NinetyWatch Watch App' from project 'Ninety')
    cd /Users/michele/Documents/Ninety-app
    builtin-copyStrings --validate --outputencoding binary --outfilename Localizable.strings --outdir /Users/michele/Library/Developer/Xcode/DerivedData/Ninety-dgdgpfwgmyzmvsajgwhxktscetgw/Build/Products/Debug-watchsimulator/NinetyWatch\ Watch\ App.app/it.lproj -- /Users/michele/Library/Developer/Xcode/DerivedData/Ninety-dgdgpfwgmyzmvsajgwhxktscetgw/Build/Intermediates.noindex/Ninety.build/Debug-watchsimulator/NinetyWatch\ Watch\ App.build/it.lproj/Localizable.strings
/Users/michele/Library/Developer/Xcode/DerivedData/Ninety-dgdgpfwgmyzmvsajgwhxktscetgw/Build/Intermediates.noindex/Ninety.build/Debug-watchsimulator/NinetyWatch Watch App.build/it.lproj/Localizable.strings:1:1: note: detected encoding of input file as Unicode (UTF-8) (in target 'NinetyWatch Watch App' from project 'Ninety')

CopyStringsFile /Users/michele/Library/Developer/Xcode/DerivedData/Ninety-dgdgpfwgmyzmvsajgwhxktscetgw/Build/Products/Debug-watchsimulator/NinetyWatch\ Watch\ App.app/en.lproj/Localizable.strings /Users/michele/Library/Developer/Xcode/DerivedData/Ninety-dgdgpfwgmyzmvsajgwhxktscetgw/Build/Intermediates.noindex/Ninety.build/Debug-watchsimulator/NinetyWatch\ Watch\ App.build/en.lproj/Localizable.strings (in target 'NinetyWatch Watch App' from project 'Ninety')
    cd /Users/michele/Documents/Ninety-app
    builtin-copyStrings --validate --outputencoding binary --outfilename Localizable.strings --outdir /Users/michele/Library/Developer/Xcode/DerivedData/Ninety-dgdgpfwgmyzmvsajgwhxktscetgw/Build/Products/Debug-watchsimulator/NinetyWatch\ Watch\ App.app/en.lproj -- /Users/michele/Library/Developer/Xcode/DerivedData/Ninety-dgdgpfwgmyzmvsajgwhxktscetgw/Build/Intermediates.noindex/Ninety.build/Debug-watchsimulator/NinetyWatch\ Watch\ App.build/en.lproj/Localizable.strings
/Users/michele/Library/Developer/Xcode/DerivedData/Ninety-dgdgpfwgmyzmvsajgwhxktscetgw/Build/Intermediates.noindex/Ninety.build/Debug-watchsimulator/NinetyWatch Watch App.build/en.lproj/Localizable.strings:1:1: note: detected encoding of input file as Unicode (UTF-8) (in target 'NinetyWatch Watch App' from project 'Ninety')

CopyStringsFile /Users/michele/Library/Developer/Xcode/DerivedData/Ninety-dgdgpfwgmyzmvsajgwhxktscetgw/Build/Products/Debug-watchsimulator/NinetyWatch\ Watch\ App.app/ar.lproj/Localizable.strings /Users/michele/Library/Developer/Xcode/DerivedData/Ninety-dgdgpfwgmyzmvsajgwhxktscetgw/Build/Intermediates.noindex/Ninety.build/Debug-watchsimulator/NinetyWatch\ Watch\ App.build/ar.lproj/Localizable.strings (in target 'NinetyWatch Watch App' from project 'Ninety')
    cd /Users/michele/Documents/Ninety-app
    builtin-copyStrings --validate --outputencoding binary --outfilename Localizable.strings --outdir /Users/michele/Library/Developer/Xcode/DerivedData/Ninety-dgdgpfwgmyzmvsajgwhxktscetgw/Build/Products/Debug-watchsimulator/NinetyWatch\ Watch\ App.app/ar.lproj -- /Users/michele/Library/Developer/Xcode/DerivedData/Ninety-dgdgpfwgmyzmvsajgwhxktscetgw/Build/Intermediates.noindex/Ninety.build/Debug-watchsimulator/NinetyWatch\ Watch\ App.build/ar.lproj/Localizable.strings
/Users/michele/Library/Developer/Xcode/DerivedData/Ninety-dgdgpfwgmyzmvsajgwhxktscetgw/Build/Intermediates.noindex/Ninety.build/Debug-watchsimulator/NinetyWatch Watch App.build/ar.lproj/Localizable.strings:1:1: note: detected encoding of input file as Unicode (UTF-8) (in target 'NinetyWatch Watch App' from project 'Ninety')

SwiftDriver NinetyWatch\ Watch\ App normal x86_64 com.apple.xcode.tools.swift.compiler (in target 'NinetyWatch Watch App' from project 'Ninety')
    cd /Users/michele/Documents/Ninety-app
    builtin-SwiftDriver -- /Applications/Xcode.app/Contents/Developer/Toolchains/XcodeDefault.xctoolchain/usr/bin/swiftc -module-name NinetyWatch_Watch_App -Onone @/Users/michele/Library/Developer/Xcode/DerivedData/Ninety-dgdgpfwgmyzmvsajgwhxktscetgw/Build/Intermediates.noindex/Ninety.build/Debug-watchsimulator/NinetyWatch\ Watch\ App.build/Objects-normal/x86_64/NinetyWatch\ Watch\ App.SwiftFileList -DDEBUG -default-isolation\=MainActor -enable-bare-slash-regex -enable-upcoming-feature DisableOutwardActorInference -enable-upcoming-feature InferSendableFromCaptures -enable-upcoming-feature GlobalActorIsolatedTypesUsability -enable-upcoming-feature MemberImportVisibility -enable-upcoming-feature InferIsolatedConformances -enable-upcoming-feature NonisolatedNonsendingByDefault -enable-experimental-feature DebugDescriptionMacro -sdk /Applications/Xcode.app/Contents/Developer/Platforms/WatchSimulator.platform/Developer/SDKs/WatchSimulator26.4.sdk -target x86_64-apple-watchos26.0-simulator -g -module-cache-path /Users/michele/Library/Developer/Xcode/DerivedData/ModuleCache.noindex -Xfrontend -serialize-debugging-options -enable-testing -index-store-path /Users/michele/Library/Developer/Xcode/DerivedData/Ninety-dgdgpfwgmyzmvsajgwhxktscetgw/Index.noindex/DataStore -Xcc -D_LIBCPP_HARDENING_MODE\=_LIBCPP_HARDENING_MODE_DEBUG -swift-version 5 -I /Users/michele/Library/Developer/Xcode/DerivedData/Ninety-dgdgpfwgmyzmvsajgwhxktscetgw/Build/Products/Debug-watchsimulator -F /Users/michele/Library/Developer/Xcode/DerivedData/Ninety-dgdgpfwgmyzmvsajgwhxktscetgw/Build/Products/Debug-watchsimulator -emit-localized-strings -emit-localized-strings-path /Users/michele/Library/Developer/Xcode/DerivedData/Ninety-dgdgpfwgmyzmvsajgwhxktscetgw/Build/Intermediates.noindex/Ninety.build/Debug-watchsimulator/NinetyWatch\ Watch\ App.build/Objects-normal/x86_64 -c -j10 -enable-batch-mode -incremental -Xcc -ivfsstatcache -Xcc /Users/michele/Library/Developer/Xcode/DerivedData/SDKStatCaches.noindex/watchsimulator26.4-23T238-8aa186fa658f8d2cb200b6f26918d89b.sdkstatcache -output-file-map /Users/michele/Library/Developer/Xcode/DerivedData/Ninety-dgdgpfwgmyzmvsajgwhxktscetgw/Build/Intermediates.noindex/Ninety.build/Debug-watchsimulator/NinetyWatch\ Watch\ App.build/Objects-normal/x86_64/NinetyWatch\ Watch\ App-OutputFileMap.json -use-frontend-parseable-output -save-temps -no-color-diagnostics -explicit-module-build -module-cache-path /Users/michele/Library/Developer/Xcode/DerivedData/Ninety-dgdgpfwgmyzmvsajgwhxktscetgw/Build/Intermediates.noindex/SwiftExplicitPrecompiledModules -clang-scanner-module-cache-path /Users/michele/Library/Developer/Xcode/DerivedData/ModuleCache.noindex -sdk-module-cache-path /Users/michele/Library/Developer/Xcode/DerivedData/ModuleCache.noindex -serialize-diagnostics -emit-dependencies -emit-module -emit-module-path /Users/michele/Library/Developer/Xcode/DerivedData/Ninety-dgdgpfwgmyzmvsajgwhxktscetgw/Build/Intermediates.noindex/Ninety.build/Debug-watchsimulator/NinetyWatch\ Watch\ App.build/Objects-normal/x86_64/NinetyWatch_Watch_App.swiftmodule -validate-clang-modules-once -clang-build-session-file /Users/michele/Library/Developer/Xcode/DerivedData/ModuleCache.noindex/Session.modulevalidation -Xcc -I/Users/michele/Library/Developer/Xcode/DerivedData/Ninety-dgdgpfwgmyzmvsajgwhxktscetgw/Build/Intermediates.noindex/Ninety.build/Debug-watchsimulator/NinetyWatch\ Watch\ App.build/swift-overrides.hmap -emit-const-values -Xfrontend -const-gather-protocols-file -Xfrontend /Users/michele/Library/Developer/Xcode/DerivedData/Ninety-dgdgpfwgmyzmvsajgwhxktscetgw/Build/Intermediates.noindex/Ninety.build/Debug-watchsimulator/NinetyWatch\ Watch\ App.build/Objects-normal/x86_64/NinetyWatch\ Watch\ App_const_extract_protocols.json -Xcc -iquote -Xcc /Users/michele/Library/Developer/Xcode/DerivedData/Ninety-dgdgpfwgmyzmvsajgwhxktscetgw/Build/Intermediates.noindex/Ninety.build/Debug-watchsimulator/NinetyWatch\ Watch\ App.build/NinetyWatch\ Watch\ App-generated-files.hmap -Xcc -I/Users/michele/Library/Developer/Xcode/DerivedData/Ninety-dgdgpfwgmyzmvsajgwhxktscetgw/Build/Intermediates.noindex/Ninety.build/Debug-watchsimulator/NinetyWatch\ Watch\ App.build/NinetyWatch\ Watch\ App-own-target-headers.hmap -Xcc -I/Users/michele/Library/Developer/Xcode/DerivedData/Ninety-dgdgpfwgmyzmvsajgwhxktscetgw/Build/Intermediates.noindex/Ninety.build/Debug-watchsimulator/NinetyWatch\ Watch\ App.build/NinetyWatch\ Watch\ App-all-target-headers.hmap -Xcc -iquote -Xcc /Users/michele/Library/Developer/Xcode/DerivedData/Ninety-dgdgpfwgmyzmvsajgwhxktscetgw/Build/Intermediates.noindex/Ninety.build/Debug-watchsimulator/NinetyWatch\ Watch\ App.build/NinetyWatch\ Watch\ App-project-headers.hmap -Xcc -I/Users/michele/Library/Developer/Xcode/DerivedData/Ninety-dgdgpfwgmyzmvsajgwhxktscetgw/Build/Products/Debug-watchsimulator/include -Xcc -I/Users/michele/Library/Developer/Xcode/DerivedData/Ninety-dgdgpfwgmyzmvsajgwhxktscetgw/Build/Intermediates.noindex/Ninety.build/Debug-watchsimulator/NinetyWatch\ Watch\ App.build/DerivedSources-normal/x86_64 -Xcc -I/Users/michele/Library/Developer/Xcode/DerivedData/Ninety-dgdgpfwgmyzmvsajgwhxktscetgw/Build/Intermediates.noindex/Ninety.build/Debug-watchsimulator/NinetyWatch\ Watch\ App.build/DerivedSources/x86_64 -Xcc -I/Users/michele/Library/Developer/Xcode/DerivedData/Ninety-dgdgpfwgmyzmvsajgwhxktscetgw/Build/Intermediates.noindex/Ninety.build/Debug-watchsimulator/NinetyWatch\ Watch\ App.build/DerivedSources -Xcc -DDEBUG\=1 -emit-objc-header -emit-objc-header-path /Users/michele/Library/Developer/Xcode/DerivedData/Ninety-dgdgpfwgmyzmvsajgwhxktscetgw/Build/Intermediates.noindex/Ninety.build/Debug-watchsimulator/NinetyWatch\ Watch\ App.build/Objects-normal/x86_64/NinetyWatch_Watch_App-Swift.h -working-directory /Users/michele/Documents/Ninety-app -experimental-emit-module-separately -disable-cmo

SwiftDriver NinetyWatch\ Watch\ App normal arm64 com.apple.xcode.tools.swift.compiler (in target 'NinetyWatch Watch App' from project 'Ninety')
    cd /Users/michele/Documents/Ninety-app
    builtin-SwiftDriver -- /Applications/Xcode.app/Contents/Developer/Toolchains/XcodeDefault.xctoolchain/usr/bin/swiftc -module-name NinetyWatch_Watch_App -Onone @/Users/michele/Library/Developer/Xcode/DerivedData/Ninety-dgdgpfwgmyzmvsajgwhxktscetgw/Build/Intermediates.noindex/Ninety.build/Debug-watchsimulator/NinetyWatch\ Watch\ App.build/Objects-normal/arm64/NinetyWatch\ Watch\ App.SwiftFileList -DDEBUG -default-isolation\=MainActor -enable-bare-slash-regex -enable-upcoming-feature DisableOutwardActorInference -enable-upcoming-feature InferSendableFromCaptures -enable-upcoming-feature GlobalActorIsolatedTypesUsability -enable-upcoming-feature MemberImportVisibility -enable-upcoming-feature InferIsolatedConformances -enable-upcoming-feature NonisolatedNonsendingByDefault -enable-experimental-feature DebugDescriptionMacro -sdk /Applications/Xcode.app/Contents/Developer/Platforms/WatchSimulator.platform/Developer/SDKs/WatchSimulator26.4.sdk -target arm64-apple-watchos26.0-simulator -g -module-cache-path /Users/michele/Library/Developer/Xcode/DerivedData/ModuleCache.noindex -Xfrontend -serialize-debugging-options -enable-testing -index-store-path /Users/michele/Library/Developer/Xcode/DerivedData/Ninety-dgdgpfwgmyzmvsajgwhxktscetgw/Index.noindex/DataStore -Xcc -D_LIBCPP_HARDENING_MODE\=_LIBCPP_HARDENING_MODE_DEBUG -swift-version 5 -I /Users/michele/Library/Developer/Xcode/DerivedData/Ninety-dgdgpfwgmyzmvsajgwhxktscetgw/Build/Products/Debug-watchsimulator -F /Users/michele/Library/Developer/Xcode/DerivedData/Ninety-dgdgpfwgmyzmvsajgwhxktscetgw/Build/Products/Debug-watchsimulator -emit-localized-strings -emit-localized-strings-path /Users/michele/Library/Developer/Xcode/DerivedData/Ninety-dgdgpfwgmyzmvsajgwhxktscetgw/Build/Intermediates.noindex/Ninety.build/Debug-watchsimulator/NinetyWatch\ Watch\ App.build/Objects-normal/arm64 -c -j10 -enable-batch-mode -incremental -Xcc -ivfsstatcache -Xcc /Users/michele/Library/Developer/Xcode/DerivedData/SDKStatCaches.noindex/watchsimulator26.4-23T238-8aa186fa658f8d2cb200b6f26918d89b.sdkstatcache -output-file-map /Users/michele/Library/Developer/Xcode/DerivedData/Ninety-dgdgpfwgmyzmvsajgwhxktscetgw/Build/Intermediates.noindex/Ninety.build/Debug-watchsimulator/NinetyWatch\ Watch\ App.build/Objects-normal/arm64/NinetyWatch\ Watch\ App-OutputFileMap.json -use-frontend-parseable-output -save-temps -no-color-diagnostics -explicit-module-build -module-cache-path /Users/michele/Library/Developer/Xcode/DerivedData/Ninety-dgdgpfwgmyzmvsajgwhxktscetgw/Build/Intermediates.noindex/SwiftExplicitPrecompiledModules -clang-scanner-module-cache-path /Users/michele/Library/Developer/Xcode/DerivedData/ModuleCache.noindex -sdk-module-cache-path /Users/michele/Library/Developer/Xcode/DerivedData/ModuleCache.noindex -serialize-diagnostics -emit-dependencies -emit-module -emit-module-path /Users/michele/Library/Developer/Xcode/DerivedData/Ninety-dgdgpfwgmyzmvsajgwhxktscetgw/Build/Intermediates.noindex/Ninety.build/Debug-watchsimulator/NinetyWatch\ Watch\ App.build/Objects-normal/arm64/NinetyWatch_Watch_App.swiftmodule -validate-clang-modules-once -clang-build-session-file /Users/michele/Library/Developer/Xcode/DerivedData/ModuleCache.noindex/Session.modulevalidation -Xcc -I/Users/michele/Library/Developer/Xcode/DerivedData/Ninety-dgdgpfwgmyzmvsajgwhxktscetgw/Build/Intermediates.noindex/Ninety.build/Debug-watchsimulator/NinetyWatch\ Watch\ App.build/swift-overrides.hmap -emit-const-values -Xfrontend -const-gather-protocols-file -Xfrontend /Users/michele/Library/Developer/Xcode/DerivedData/Ninety-dgdgpfwgmyzmvsajgwhxktscetgw/Build/Intermediates.noindex/Ninety.build/Debug-watchsimulator/NinetyWatch\ Watch\ App.build/Objects-normal/arm64/NinetyWatch\ Watch\ App_const_extract_protocols.json -Xcc -iquote -Xcc /Users/michele/Library/Developer/Xcode/DerivedData/Ninety-dgdgpfwgmyzmvsajgwhxktscetgw/Build/Intermediates.noindex/Ninety.build/Debug-watchsimulator/NinetyWatch\ Watch\ App.build/NinetyWatch\ Watch\ App-generated-files.hmap -Xcc -I/Users/michele/Library/Developer/Xcode/DerivedData/Ninety-dgdgpfwgmyzmvsajgwhxktscetgw/Build/Intermediates.noindex/Ninety.build/Debug-watchsimulator/NinetyWatch\ Watch\ App.build/NinetyWatch\ Watch\ App-own-target-headers.hmap -Xcc -I/Users/michele/Library/Developer/Xcode/DerivedData/Ninety-dgdgpfwgmyzmvsajgwhxktscetgw/Build/Intermediates.noindex/Ninety.build/Debug-watchsimulator/NinetyWatch\ Watch\ App.build/NinetyWatch\ Watch\ App-all-target-headers.hmap -Xcc -iquote -Xcc /Users/michele/Library/Developer/Xcode/DerivedData/Ninety-dgdgpfwgmyzmvsajgwhxktscetgw/Build/Intermediates.noindex/Ninety.build/Debug-watchsimulator/NinetyWatch\ Watch\ App.build/NinetyWatch\ Watch\ App-project-headers.hmap -Xcc -I/Users/michele/Library/Developer/Xcode/DerivedData/Ninety-dgdgpfwgmyzmvsajgwhxktscetgw/Build/Products/Debug-watchsimulator/include -Xcc -I/Users/michele/Library/Developer/Xcode/DerivedData/Ninety-dgdgpfwgmyzmvsajgwhxktscetgw/Build/Intermediates.noindex/Ninety.build/Debug-watchsimulator/NinetyWatch\ Watch\ App.build/DerivedSources-normal/arm64 -Xcc -I/Users/michele/Library/Developer/Xcode/DerivedData/Ninety-dgdgpfwgmyzmvsajgwhxktscetgw/Build/Intermediates.noindex/Ninety.build/Debug-watchsimulator/NinetyWatch\ Watch\ App.build/DerivedSources/arm64 -Xcc -I/Users/michele/Library/Developer/Xcode/DerivedData/Ninety-dgdgpfwgmyzmvsajgwhxktscetgw/Build/Intermediates.noindex/Ninety.build/Debug-watchsimulator/NinetyWatch\ Watch\ App.build/DerivedSources -Xcc -DDEBUG\=1 -emit-objc-header -emit-objc-header-path /Users/michele/Library/Developer/Xcode/DerivedData/Ninety-dgdgpfwgmyzmvsajgwhxktscetgw/Build/Intermediates.noindex/Ninety.build/Debug-watchsimulator/NinetyWatch\ Watch\ App.build/Objects-normal/arm64/NinetyWatch_Watch_App-Swift.h -working-directory /Users/michele/Documents/Ninety-app -experimental-emit-module-separately -disable-cmo

SwiftEmitModule normal x86_64 Emitting\ module\ for\ NinetyWatch_Watch_App (in target 'NinetyWatch Watch App' from project 'Ninety')

EmitSwiftModule normal x86_64 (in target 'NinetyWatch Watch App' from project 'Ninety')
    cd /Users/michele/Documents/Ninety-app
    

SwiftEmitModule normal arm64 Emitting\ module\ for\ NinetyWatch_Watch_App (in target 'NinetyWatch Watch App' from project 'Ninety')
EmitSwiftModule normal arm64 (in target 'NinetyWatch Watch App' from project 'Ninety')
    cd /Users/michele/Documents/Ninety-app
    

SwiftCompile normal x86_64 Compiling\ GeneratedAssetSymbols.swift /Users/michele/Library/Developer/Xcode/DerivedData/Ninety-dgdgpfwgmyzmvsajgwhxktscetgw/Build/Intermediates.noindex/Ninety.build/Debug-watchsimulator/NinetyWatch\ Watch\ App.build/DerivedSources/GeneratedAssetSymbols.swift (in target 'NinetyWatch Watch App' from project 'Ninety')

SwiftCompile normal x86_64 /Users/michele/Library/Developer/Xcode/DerivedData/Ninety-dgdgpfwgmyzmvsajgwhxktscetgw/Build/Intermediates.noindex/Ninety.build/Debug-watchsimulator/NinetyWatch\ Watch\ App.build/DerivedSources/GeneratedAssetSymbols.swift (in target 'NinetyWatch Watch App' from project 'Ninety')
    cd /Users/michele/Documents/Ninety-app
    

SwiftCompile normal arm64 Compiling\ GeneratedAssetSymbols.swift /Users/michele/Library/Developer/Xcode/DerivedData/Ninety-dgdgpfwgmyzmvsajgwhxktscetgw/Build/Intermediates.noindex/Ninety.build/Debug-watchsimulator/NinetyWatch\ Watch\ App.build/DerivedSources/GeneratedAssetSymbols.swift (in target 'NinetyWatch Watch App' from project 'Ninety')

SwiftCompile normal arm64 /Users/michele/Library/Developer/Xcode/DerivedData/Ninety-dgdgpfwgmyzmvsajgwhxktscetgw/Build/Intermediates.noindex/Ninety.build/Debug-watchsimulator/NinetyWatch\ Watch\ App.build/DerivedSources/GeneratedAssetSymbols.swift (in target 'NinetyWatch Watch App' from project 'Ninety')
    cd /Users/michele/Documents/Ninety-app
    

LinkAssetCatalog /Users/michele/Documents/Ninety-app/NinetyWatch\ Watch\ App/Assets.xcassets (in target 'NinetyWatch Watch App' from project 'Ninety')
    cd /Users/michele/Documents/Ninety-app
    builtin-linkAssetCatalog --thinned /Users/michele/Library/Developer/Xcode/DerivedData/Ninety-dgdgpfwgmyzmvsajgwhxktscetgw/Build/Intermediates.noindex/Ninety.build/Debug-watchsimulator/NinetyWatch\ Watch\ App.build/assetcatalog_output/thinned --thinned-dependencies /Users/michele/Library/Developer/Xcode/DerivedData/Ninety-dgdgpfwgmyzmvsajgwhxktscetgw/Build/Intermediates.noindex/Ninety.build/Debug-watchsimulator/NinetyWatch\ Watch\ App.build/assetcatalog_dependencies_thinned --thinned-info-plist-content /Users/michele/Library/Developer/Xcode/DerivedData/Ninety-dgdgpfwgmyzmvsajgwhxktscetgw/Build/Intermediates.noindex/Ninety.build/Debug-watchsimulator/NinetyWatch\ Watch\ App.build/assetcatalog_generated_info.plist_thinned --unthinned /Users/michele/Library/Developer/Xcode/DerivedData/Ninety-dgdgpfwgmyzmvsajgwhxktscetgw/Build/Intermediates.noindex/Ninety.build/Debug-watchsimulator/NinetyWatch\ Watch\ App.build/assetcatalog_output/unthinned --unthinned-dependencies /Users/michele/Library/Developer/Xcode/DerivedData/Ninety-dgdgpfwgmyzmvsajgwhxktscetgw/Build/Intermediates.noindex/Ninety.build/Debug-watchsimulator/NinetyWatch\ Watch\ App.build/assetcatalog_dependencies_unthinned --unthinned-info-plist-content /Users/michele/Library/Developer/Xcode/DerivedData/Ninety-dgdgpfwgmyzmvsajgwhxktscetgw/Build/Intermediates.noindex/Ninety.build/Debug-watchsimulator/NinetyWatch\ Watch\ App.build/assetcatalog_generated_info.plist_unthinned --output /Users/michele/Library/Developer/Xcode/DerivedData/Ninety-dgdgpfwgmyzmvsajgwhxktscetgw/Build/Products/Debug-watchsimulator/NinetyWatch\ Watch\ App.app --plist-output /Users/michele/Library/Developer/Xcode/DerivedData/Ninety-dgdgpfwgmyzmvsajgwhxktscetgw/Build/Intermediates.noindex/Ninety.build/Debug-watchsimulator/NinetyWatch\ Watch\ App.build/assetcatalog_generated_info.plist
note: Emplaced /Users/michele/Library/Developer/Xcode/DerivedData/Ninety-dgdgpfwgmyzmvsajgwhxktscetgw/Build/Products/Debug-watchsimulator/NinetyWatch Watch App.app/Assets.car (in target 'NinetyWatch Watch App' from project 'Ninety')

ProcessInfoPlistFile /Users/michele/Library/Developer/Xcode/DerivedData/Ninety-dgdgpfwgmyzmvsajgwhxktscetgw/Build/Products/Debug-watchsimulator/NinetyWatch\ Watch\ App.app/Info.plist /Users/michele/Documents/Ninety-app/NinetyWatch-Watch-App-Info.plist (in target 'NinetyWatch Watch App' from project 'Ninety')
    cd /Users/michele/Documents/Ninety-app
    builtin-infoPlistUtility /Users/michele/Documents/Ninety-app/NinetyWatch-Watch-App-Info.plist -producttype com.apple.product-type.application -genpkginfo /Users/michele/Library/Developer/Xcode/DerivedData/Ninety-dgdgpfwgmyzmvsajgwhxktscetgw/Build/Products/Debug-watchsimulator/NinetyWatch\ Watch\ App.app/PkgInfo -expandbuildsettings -format binary -platform watchsimulator -additionalcontentfile /Users/michele/Library/Developer/Xcode/DerivedData/Ninety-dgdgpfwgmyzmvsajgwhxktscetgw/Build/Intermediates.noindex/Ninety.build/Debug-watchsimulator/NinetyWatch\ Watch\ App.build/assetcatalog_generated_info.plist -additionalcontentfile /Users/michele/Library/Developer/Xcode/DerivedData/Ninety-dgdgpfwgmyzmvsajgwhxktscetgw/Build/Intermediates.noindex/Ninety.build/Debug-watchsimulator/NinetyWatch\ Watch\ App.build/NeuralWakeUP-CoreMLPartialInfo.plist -o /Users/michele/Library/Developer/Xcode/DerivedData/Ninety-dgdgpfwgmyzmvsajgwhxktscetgw/Build/Products/Debug-watchsimulator/NinetyWatch\ Watch\ App.app/Info.plist

SwiftDriverJobDiscovery normal x86_64 Compiling GeneratedAssetSymbols.swift (in target 'NinetyWatch Watch App' from project 'Ninety')

SwiftDriverJobDiscovery normal arm64 Compiling GeneratedAssetSymbols.swift (in target 'NinetyWatch Watch App' from project 'Ninety')

SwiftDriverJobDiscovery normal x86_64 Emitting module for NinetyWatch_Watch_App (in target 'NinetyWatch Watch App' from project 'Ninety')

SwiftDriver\ Compilation\ Requirements NinetyWatch\ Watch\ App normal x86_64 com.apple.xcode.tools.swift.compiler (in target 'NinetyWatch Watch App' from project 'Ninety')
    cd /Users/michele/Documents/Ninety-app
    builtin-Swift-Compilation-Requirements -- /Applications/Xcode.app/Contents/Developer/Toolchains/XcodeDefault.xctoolchain/usr/bin/swiftc -module-name NinetyWatch_Watch_App -Onone @/Users/michele/Library/Developer/Xcode/DerivedData/Ninety-dgdgpfwgmyzmvsajgwhxktscetgw/Build/Intermediates.noindex/Ninety.build/Debug-watchsimulator/NinetyWatch\ Watch\ App.build/Objects-normal/x86_64/NinetyWatch\ Watch\ App.SwiftFileList -DDEBUG -default-isolation\=MainActor -enable-bare-slash-regex -enable-upcoming-feature DisableOutwardActorInference -enable-upcoming-feature InferSendableFromCaptures -enable-upcoming-feature GlobalActorIsolatedTypesUsability -enable-upcoming-feature MemberImportVisibility -enable-upcoming-feature InferIsolatedConformances -enable-upcoming-feature NonisolatedNonsendingByDefault -enable-experimental-feature DebugDescriptionMacro -sdk /Applications/Xcode.app/Contents/Developer/Platforms/WatchSimulator.platform/Developer/SDKs/WatchSimulator26.4.sdk -target x86_64-apple-watchos26.0-simulator -g -module-cache-path /Users/michele/Library/Developer/Xcode/DerivedData/ModuleCache.noindex -Xfrontend -serialize-debugging-options -enable-testing -index-store-path /Users/michele/Library/Developer/Xcode/DerivedData/Ninety-dgdgpfwgmyzmvsajgwhxktscetgw/Index.noindex/DataStore -Xcc -D_LIBCPP_HARDENING_MODE\=_LIBCPP_HARDENING_MODE_DEBUG -swift-version 5 -I /Users/michele/Library/Developer/Xcode/DerivedData/Ninety-dgdgpfwgmyzmvsajgwhxktscetgw/Build/Products/Debug-watchsimulator -F /Users/michele/Library/Developer/Xcode/DerivedData/Ninety-dgdgpfwgmyzmvsajgwhxktscetgw/Build/Products/Debug-watchsimulator -emit-localized-strings -emit-localized-strings-path /Users/michele/Library/Developer/Xcode/DerivedData/Ninety-dgdgpfwgmyzmvsajgwhxktscetgw/Build/Intermediates.noindex/Ninety.build/Debug-watchsimulator/NinetyWatch\ Watch\ App.build/Objects-normal/x86_64 -c -j10 -enable-batch-mode -incremental -Xcc -ivfsstatcache -Xcc /Users/michele/Library/Developer/Xcode/DerivedData/SDKStatCaches.noindex/watchsimulator26.4-23T238-8aa186fa658f8d2cb200b6f26918d89b.sdkstatcache -output-file-map /Users/michele/Library/Developer/Xcode/DerivedData/Ninety-dgdgpfwgmyzmvsajgwhxktscetgw/Build/Intermediates.noindex/Ninety.build/Debug-watchsimulator/NinetyWatch\ Watch\ App.build/Objects-normal/x86_64/NinetyWatch\ Watch\ App-OutputFileMap.json -use-frontend-parseable-output -save-temps -no-color-diagnostics -explicit-module-build -module-cache-path /Users/michele/Library/Developer/Xcode/DerivedData/Ninety-dgdgpfwgmyzmvsajgwhxktscetgw/Build/Intermediates.noindex/SwiftExplicitPrecompiledModules -clang-scanner-module-cache-path /Users/michele/Library/Developer/Xcode/DerivedData/ModuleCache.noindex -sdk-module-cache-path /Users/michele/Library/Developer/Xcode/DerivedData/ModuleCache.noindex -serialize-diagnostics -emit-dependencies -emit-module -emit-module-path /Users/michele/Library/Developer/Xcode/DerivedData/Ninety-dgdgpfwgmyzmvsajgwhxktscetgw/Build/Intermediates.noindex/Ninety.build/Debug-watchsimulator/NinetyWatch\ Watch\ App.build/Objects-normal/x86_64/NinetyWatch_Watch_App.swiftmodule -validate-clang-modules-once -clang-build-session-file /Users/michele/Library/Developer/Xcode/DerivedData/ModuleCache.noindex/Session.modulevalidation -Xcc -I/Users/michele/Library/Developer/Xcode/DerivedData/Ninety-dgdgpfwgmyzmvsajgwhxktscetgw/Build/Intermediates.noindex/Ninety.build/Debug-watchsimulator/NinetyWatch\ Watch\ App.build/swift-overrides.hmap -emit-const-values -Xfrontend -const-gather-protocols-file -Xfrontend /Users/michele/Library/Developer/Xcode/DerivedData/Ninety-dgdgpfwgmyzmvsajgwhxktscetgw/Build/Intermediates.noindex/Ninety.build/Debug-watchsimulator/NinetyWatch\ Watch\ App.build/Objects-normal/x86_64/NinetyWatch\ Watch\ App_const_extract_protocols.json -Xcc -iquote -Xcc /Users/michele/Library/Developer/Xcode/DerivedData/Ninety-dgdgpfwgmyzmvsajgwhxktscetgw/Build/Intermediates.noindex/Ninety.build/Debug-watchsimulator/NinetyWatch\ Watch\ App.build/NinetyWatch\ Watch\ App-generated-files.hmap -Xcc -I/Users/michele/Library/Developer/Xcode/DerivedData/Ninety-dgdgpfwgmyzmvsajgwhxktscetgw/Build/Intermediates.noindex/Ninety.build/Debug-watchsimulator/NinetyWatch\ Watch\ App.build/NinetyWatch\ Watch\ App-own-target-headers.hmap -Xcc -I/Users/michele/Library/Developer/Xcode/DerivedData/Ninety-dgdgpfwgmyzmvsajgwhxktscetgw/Build/Intermediates.noindex/Ninety.build/Debug-watchsimulator/NinetyWatch\ Watch\ App.build/NinetyWatch\ Watch\ App-all-target-headers.hmap -Xcc -iquote -Xcc /Users/michele/Library/Developer/Xcode/DerivedData/Ninety-dgdgpfwgmyzmvsajgwhxktscetgw/Build/Intermediates.noindex/Ninety.build/Debug-watchsimulator/NinetyWatch\ Watch\ App.build/NinetyWatch\ Watch\ App-project-headers.hmap -Xcc -I/Users/michele/Library/Developer/Xcode/DerivedData/Ninety-dgdgpfwgmyzmvsajgwhxktscetgw/Build/Products/Debug-watchsimulator/include -Xcc -I/Users/michele/Library/Developer/Xcode/DerivedData/Ninety-dgdgpfwgmyzmvsajgwhxktscetgw/Build/Intermediates.noindex/Ninety.build/Debug-watchsimulator/NinetyWatch\ Watch\ App.build/DerivedSources-normal/x86_64 -Xcc -I/Users/michele/Library/Developer/Xcode/DerivedData/Ninety-dgdgpfwgmyzmvsajgwhxktscetgw/Build/Intermediates.noindex/Ninety.build/Debug-watchsimulator/NinetyWatch\ Watch\ App.build/DerivedSources/x86_64 -Xcc -I/Users/michele/Library/Developer/Xcode/DerivedData/Ninety-dgdgpfwgmyzmvsajgwhxktscetgw/Build/Intermediates.noindex/Ninety.build/Debug-watchsimulator/NinetyWatch\ Watch\ App.build/DerivedSources -Xcc -DDEBUG\=1 -emit-objc-header -emit-objc-header-path /Users/michele/Library/Developer/Xcode/DerivedData/Ninety-dgdgpfwgmyzmvsajgwhxktscetgw/Build/Intermediates.noindex/Ninety.build/Debug-watchsimulator/NinetyWatch\ Watch\ App.build/Objects-normal/x86_64/NinetyWatch_Watch_App-Swift.h -working-directory /Users/michele/Documents/Ninety-app -experimental-emit-module-separately -disable-cmo

SwiftDriver\ Compilation NinetyWatch\ Watch\ App normal x86_64 com.apple.xcode.tools.swift.compiler (in target 'NinetyWatch Watch App' from project 'Ninety')
    cd /Users/michele/Documents/Ninety-app
    builtin-Swift-Compilation -- /Applications/Xcode.app/Contents/Developer/Toolchains/XcodeDefault.xctoolchain/usr/bin/swiftc -module-name NinetyWatch_Watch_App -Onone @/Users/michele/Library/Developer/Xcode/DerivedData/Ninety-dgdgpfwgmyzmvsajgwhxktscetgw/Build/Intermediates.noindex/Ninety.build/Debug-watchsimulator/NinetyWatch\ Watch\ App.build/Objects-normal/x86_64/NinetyWatch\ Watch\ App.SwiftFileList -DDEBUG -default-isolation\=MainActor -enable-bare-slash-regex -enable-upcoming-feature DisableOutwardActorInference -enable-upcoming-feature InferSendableFromCaptures -enable-upcoming-feature GlobalActorIsolatedTypesUsability -enable-upcoming-feature MemberImportVisibility -enable-upcoming-feature InferIsolatedConformances -enable-upcoming-feature NonisolatedNonsendingByDefault -enable-experimental-feature DebugDescriptionMacro -sdk /Applications/Xcode.app/Contents/Developer/Platforms/WatchSimulator.platform/Developer/SDKs/WatchSimulator26.4.sdk -target x86_64-apple-watchos26.0-simulator -g -module-cache-path /Users/michele/Library/Developer/Xcode/DerivedData/ModuleCache.noindex -Xfrontend -serialize-debugging-options -enable-testing -index-store-path /Users/michele/Library/Developer/Xcode/DerivedData/Ninety-dgdgpfwgmyzmvsajgwhxktscetgw/Index.noindex/DataStore -Xcc -D_LIBCPP_HARDENING_MODE\=_LIBCPP_HARDENING_MODE_DEBUG -swift-version 5 -I /Users/michele/Library/Developer/Xcode/DerivedData/Ninety-dgdgpfwgmyzmvsajgwhxktscetgw/Build/Products/Debug-watchsimulator -F /Users/michele/Library/Developer/Xcode/DerivedData/Ninety-dgdgpfwgmyzmvsajgwhxktscetgw/Build/Products/Debug-watchsimulator -emit-localized-strings -emit-localized-strings-path /Users/michele/Library/Developer/Xcode/DerivedData/Ninety-dgdgpfwgmyzmvsajgwhxktscetgw/Build/Intermediates.noindex/Ninety.build/Debug-watchsimulator/NinetyWatch\ Watch\ App.build/Objects-normal/x86_64 -c -j10 -enable-batch-mode -incremental -Xcc -ivfsstatcache -Xcc /Users/michele/Library/Developer/Xcode/DerivedData/SDKStatCaches.noindex/watchsimulator26.4-23T238-8aa186fa658f8d2cb200b6f26918d89b.sdkstatcache -output-file-map /Users/michele/Library/Developer/Xcode/DerivedData/Ninety-dgdgpfwgmyzmvsajgwhxktscetgw/Build/Intermediates.noindex/Ninety.build/Debug-watchsimulator/NinetyWatch\ Watch\ App.build/Objects-normal/x86_64/NinetyWatch\ Watch\ App-OutputFileMap.json -use-frontend-parseable-output -save-temps -no-color-diagnostics -explicit-module-build -module-cache-path /Users/michele/Library/Developer/Xcode/DerivedData/Ninety-dgdgpfwgmyzmvsajgwhxktscetgw/Build/Intermediates.noindex/SwiftExplicitPrecompiledModules -clang-scanner-module-cache-path /Users/michele/Library/Developer/Xcode/DerivedData/ModuleCache.noindex -sdk-module-cache-path /Users/michele/Library/Developer/Xcode/DerivedData/ModuleCache.noindex -serialize-diagnostics -emit-dependencies -emit-module -emit-module-path /Users/michele/Library/Developer/Xcode/DerivedData/Ninety-dgdgpfwgmyzmvsajgwhxktscetgw/Build/Intermediates.noindex/Ninety.build/Debug-watchsimulator/NinetyWatch\ Watch\ App.build/Objects-normal/x86_64/NinetyWatch_Watch_App.swiftmodule -validate-clang-modules-once -clang-build-session-file /Users/michele/Library/Developer/Xcode/DerivedData/ModuleCache.noindex/Session.modulevalidation -Xcc -I/Users/michele/Library/Developer/Xcode/DerivedData/Ninety-dgdgpfwgmyzmvsajgwhxktscetgw/Build/Intermediates.noindex/Ninety.build/Debug-watchsimulator/NinetyWatch\ Watch\ App.build/swift-overrides.hmap -emit-const-values -Xfrontend -const-gather-protocols-file -Xfrontend /Users/michele/Library/Developer/Xcode/DerivedData/Ninety-dgdgpfwgmyzmvsajgwhxktscetgw/Build/Intermediates.noindex/Ninety.build/Debug-watchsimulator/NinetyWatch\ Watch\ App.build/Objects-normal/x86_64/NinetyWatch\ Watch\ App_const_extract_protocols.json -Xcc -iquote -Xcc /Users/michele/Library/Developer/Xcode/DerivedData/Ninety-dgdgpfwgmyzmvsajgwhxktscetgw/Build/Intermediates.noindex/Ninety.build/Debug-watchsimulator/NinetyWatch\ Watch\ App.build/NinetyWatch\ Watch\ App-generated-files.hmap -Xcc -I/Users/michele/Library/Developer/Xcode/DerivedData/Ninety-dgdgpfwgmyzmvsajgwhxktscetgw/Build/Intermediates.noindex/Ninety.build/Debug-watchsimulator/NinetyWatch\ Watch\ App.build/NinetyWatch\ Watch\ App-own-target-headers.hmap -Xcc -I/Users/michele/Library/Developer/Xcode/DerivedData/Ninety-dgdgpfwgmyzmvsajgwhxktscetgw/Build/Intermediates.noindex/Ninety.build/Debug-watchsimulator/NinetyWatch\ Watch\ App.build/NinetyWatch\ Watch\ App-all-target-headers.hmap -Xcc -iquote -Xcc /Users/michele/Library/Developer/Xcode/DerivedData/Ninety-dgdgpfwgmyzmvsajgwhxktscetgw/Build/Intermediates.noindex/Ninety.build/Debug-watchsimulator/NinetyWatch\ Watch\ App.build/NinetyWatch\ Watch\ App-project-headers.hmap -Xcc -I/Users/michele/Library/Developer/Xcode/DerivedData/Ninety-dgdgpfwgmyzmvsajgwhxktscetgw/Build/Products/Debug-watchsimulator/include -Xcc -I/Users/michele/Library/Developer/Xcode/DerivedData/Ninety-dgdgpfwgmyzmvsajgwhxktscetgw/Build/Intermediates.noindex/Ninety.build/Debug-watchsimulator/NinetyWatch\ Watch\ App.build/DerivedSources-normal/x86_64 -Xcc -I/Users/michele/Library/Developer/Xcode/DerivedData/Ninety-dgdgpfwgmyzmvsajgwhxktscetgw/Build/Intermediates.noindex/Ninety.build/Debug-watchsimulator/NinetyWatch\ Watch\ App.build/DerivedSources/x86_64 -Xcc -I/Users/michele/Library/Developer/Xcode/DerivedData/Ninety-dgdgpfwgmyzmvsajgwhxktscetgw/Build/Intermediates.noindex/Ninety.build/Debug-watchsimulator/NinetyWatch\ Watch\ App.build/DerivedSources -Xcc -DDEBUG\=1 -emit-objc-header -emit-objc-header-path /Users/michele/Library/Developer/Xcode/DerivedData/Ninety-dgdgpfwgmyzmvsajgwhxktscetgw/Build/Intermediates.noindex/Ninety.build/Debug-watchsimulator/NinetyWatch\ Watch\ App.build/Objects-normal/x86_64/NinetyWatch_Watch_App-Swift.h -working-directory /Users/michele/Documents/Ninety-app -experimental-emit-module-separately -disable-cmo

SwiftDriverJobDiscovery normal arm64 Emitting module for NinetyWatch_Watch_App (in target 'NinetyWatch Watch App' from project 'Ninety')

SwiftDriver\ Compilation\ Requirements NinetyWatch\ Watch\ App normal arm64 com.apple.xcode.tools.swift.compiler (in target 'NinetyWatch Watch App' from project 'Ninety')
    cd /Users/michele/Documents/Ninety-app
    builtin-Swift-Compilation-Requirements -- /Applications/Xcode.app/Contents/Developer/Toolchains/XcodeDefault.xctoolchain/usr/bin/swiftc -module-name NinetyWatch_Watch_App -Onone @/Users/michele/Library/Developer/Xcode/DerivedData/Ninety-dgdgpfwgmyzmvsajgwhxktscetgw/Build/Intermediates.noindex/Ninety.build/Debug-watchsimulator/NinetyWatch\ Watch\ App.build/Objects-normal/arm64/NinetyWatch\ Watch\ App.SwiftFileList -DDEBUG -default-isolation\=MainActor -enable-bare-slash-regex -enable-upcoming-feature DisableOutwardActorInference -enable-upcoming-feature InferSendableFromCaptures -enable-upcoming-feature GlobalActorIsolatedTypesUsability -enable-upcoming-feature MemberImportVisibility -enable-upcoming-feature InferIsolatedConformances -enable-upcoming-feature NonisolatedNonsendingByDefault -enable-experimental-feature DebugDescriptionMacro -sdk /Applications/Xcode.app/Contents/Developer/Platforms/WatchSimulator.platform/Developer/SDKs/WatchSimulator26.4.sdk -target arm64-apple-watchos26.0-simulator -g -module-cache-path /Users/michele/Library/Developer/Xcode/DerivedData/ModuleCache.noindex -Xfrontend -serialize-debugging-options -enable-testing -index-store-path /Users/michele/Library/Developer/Xcode/DerivedData/Ninety-dgdgpfwgmyzmvsajgwhxktscetgw/Index.noindex/DataStore -Xcc -D_LIBCPP_HARDENING_MODE\=_LIBCPP_HARDENING_MODE_DEBUG -swift-version 5 -I /Users/michele/Library/Developer/Xcode/DerivedData/Ninety-dgdgpfwgmyzmvsajgwhxktscetgw/Build/Products/Debug-watchsimulator -F /Users/michele/Library/Developer/Xcode/DerivedData/Ninety-dgdgpfwgmyzmvsajgwhxktscetgw/Build/Products/Debug-watchsimulator -emit-localized-strings -emit-localized-strings-path /Users/michele/Library/Developer/Xcode/DerivedData/Ninety-dgdgpfwgmyzmvsajgwhxktscetgw/Build/Intermediates.noindex/Ninety.build/Debug-watchsimulator/NinetyWatch\ Watch\ App.build/Objects-normal/arm64 -c -j10 -enable-batch-mode -incremental -Xcc -ivfsstatcache -Xcc /Users/michele/Library/Developer/Xcode/DerivedData/SDKStatCaches.noindex/watchsimulator26.4-23T238-8aa186fa658f8d2cb200b6f26918d89b.sdkstatcache -output-file-map /Users/michele/Library/Developer/Xcode/DerivedData/Ninety-dgdgpfwgmyzmvsajgwhxktscetgw/Build/Intermediates.noindex/Ninety.build/Debug-watchsimulator/NinetyWatch\ Watch\ App.build/Objects-normal/arm64/NinetyWatch\ Watch\ App-OutputFileMap.json -use-frontend-parseable-output -save-temps -no-color-diagnostics -explicit-module-build -module-cache-path /Users/michele/Library/Developer/Xcode/DerivedData/Ninety-dgdgpfwgmyzmvsajgwhxktscetgw/Build/Intermediates.noindex/SwiftExplicitPrecompiledModules -clang-scanner-module-cache-path /Users/michele/Library/Developer/Xcode/DerivedData/ModuleCache.noindex -sdk-module-cache-path /Users/michele/Library/Developer/Xcode/DerivedData/ModuleCache.noindex -serialize-diagnostics -emit-dependencies -emit-module -emit-module-path /Users/michele/Library/Developer/Xcode/DerivedData/Ninety-dgdgpfwgmyzmvsajgwhxktscetgw/Build/Intermediates.noindex/Ninety.build/Debug-watchsimulator/NinetyWatch\ Watch\ App.build/Objects-normal/arm64/NinetyWatch_Watch_App.swiftmodule -validate-clang-modules-once -clang-build-session-file /Users/michele/Library/Developer/Xcode/DerivedData/ModuleCache.noindex/Session.modulevalidation -Xcc -I/Users/michele/Library/Developer/Xcode/DerivedData/Ninety-dgdgpfwgmyzmvsajgwhxktscetgw/Build/Intermediates.noindex/Ninety.build/Debug-watchsimulator/NinetyWatch\ Watch\ App.build/swift-overrides.hmap -emit-const-values -Xfrontend -const-gather-protocols-file -Xfrontend /Users/michele/Library/Developer/Xcode/DerivedData/Ninety-dgdgpfwgmyzmvsajgwhxktscetgw/Build/Intermediates.noindex/Ninety.build/Debug-watchsimulator/NinetyWatch\ Watch\ App.build/Objects-normal/arm64/NinetyWatch\ Watch\ App_const_extract_protocols.json -Xcc -iquote -Xcc /Users/michele/Library/Developer/Xcode/DerivedData/Ninety-dgdgpfwgmyzmvsajgwhxktscetgw/Build/Intermediates.noindex/Ninety.build/Debug-watchsimulator/NinetyWatch\ Watch\ App.build/NinetyWatch\ Watch\ App-generated-files.hmap -Xcc -I/Users/michele/Library/Developer/Xcode/DerivedData/Ninety-dgdgpfwgmyzmvsajgwhxktscetgw/Build/Intermediates.noindex/Ninety.build/Debug-watchsimulator/NinetyWatch\ Watch\ App.build/NinetyWatch\ Watch\ App-own-target-headers.hmap -Xcc -I/Users/michele/Library/Developer/Xcode/DerivedData/Ninety-dgdgpfwgmyzmvsajgwhxktscetgw/Build/Intermediates.noindex/Ninety.build/Debug-watchsimulator/NinetyWatch\ Watch\ App.build/NinetyWatch\ Watch\ App-all-target-headers.hmap -Xcc -iquote -Xcc /Users/michele/Library/Developer/Xcode/DerivedData/Ninety-dgdgpfwgmyzmvsajgwhxktscetgw/Build/Intermediates.noindex/Ninety.build/Debug-watchsimulator/NinetyWatch\ Watch\ App.build/NinetyWatch\ Watch\ App-project-headers.hmap -Xcc -I/Users/michele/Library/Developer/Xcode/DerivedData/Ninety-dgdgpfwgmyzmvsajgwhxktscetgw/Build/Products/Debug-watchsimulator/include -Xcc -I/Users/michele/Library/Developer/Xcode/DerivedData/Ninety-dgdgpfwgmyzmvsajgwhxktscetgw/Build/Intermediates.noindex/Ninety.build/Debug-watchsimulator/NinetyWatch\ Watch\ App.build/DerivedSources-normal/arm64 -Xcc -I/Users/michele/Library/Developer/Xcode/DerivedData/Ninety-dgdgpfwgmyzmvsajgwhxktscetgw/Build/Intermediates.noindex/Ninety.build/Debug-watchsimulator/NinetyWatch\ Watch\ App.build/DerivedSources/arm64 -Xcc -I/Users/michele/Library/Developer/Xcode/DerivedData/Ninety-dgdgpfwgmyzmvsajgwhxktscetgw/Build/Intermediates.noindex/Ninety.build/Debug-watchsimulator/NinetyWatch\ Watch\ App.build/DerivedSources -Xcc -DDEBUG\=1 -emit-objc-header -emit-objc-header-path /Users/michele/Library/Developer/Xcode/DerivedData/Ninety-dgdgpfwgmyzmvsajgwhxktscetgw/Build/Intermediates.noindex/Ninety.build/Debug-watchsimulator/NinetyWatch\ Watch\ App.build/Objects-normal/arm64/NinetyWatch_Watch_App-Swift.h -working-directory /Users/michele/Documents/Ninety-app -experimental-emit-module-separately -disable-cmo

SwiftDriver\ Compilation NinetyWatch\ Watch\ App normal arm64 com.apple.xcode.tools.swift.compiler (in target 'NinetyWatch Watch App' from project 'Ninety')
    cd /Users/michele/Documents/Ninety-app
    builtin-Swift-Compilation -- /Applications/Xcode.app/Contents/Developer/Toolchains/XcodeDefault.xctoolchain/usr/bin/swiftc -module-name NinetyWatch_Watch_App -Onone @/Users/michele/Library/Developer/Xcode/DerivedData/Ninety-dgdgpfwgmyzmvsajgwhxktscetgw/Build/Intermediates.noindex/Ninety.build/Debug-watchsimulator/NinetyWatch\ Watch\ App.build/Objects-normal/arm64/NinetyWatch\ Watch\ App.SwiftFileList -DDEBUG -default-isolation\=MainActor -enable-bare-slash-regex -enable-upcoming-feature DisableOutwardActorInference -enable-upcoming-feature InferSendableFromCaptures -enable-upcoming-feature GlobalActorIsolatedTypesUsability -enable-upcoming-feature MemberImportVisibility -enable-upcoming-feature InferIsolatedConformances -enable-upcoming-feature NonisolatedNonsendingByDefault -enable-experimental-feature DebugDescriptionMacro -sdk /Applications/Xcode.app/Contents/Developer/Platforms/WatchSimulator.platform/Developer/SDKs/WatchSimulator26.4.sdk -target arm64-apple-watchos26.0-simulator -g -module-cache-path /Users/michele/Library/Developer/Xcode/DerivedData/ModuleCache.noindex -Xfrontend -serialize-debugging-options -enable-testing -index-store-path /Users/michele/Library/Developer/Xcode/DerivedData/Ninety-dgdgpfwgmyzmvsajgwhxktscetgw/Index.noindex/DataStore -Xcc -D_LIBCPP_HARDENING_MODE\=_LIBCPP_HARDENING_MODE_DEBUG -swift-version 5 -I /Users/michele/Library/Developer/Xcode/DerivedData/Ninety-dgdgpfwgmyzmvsajgwhxktscetgw/Build/Products/Debug-watchsimulator -F /Users/michele/Library/Developer/Xcode/DerivedData/Ninety-dgdgpfwgmyzmvsajgwhxktscetgw/Build/Products/Debug-watchsimulator -emit-localized-strings -emit-localized-strings-path /Users/michele/Library/Developer/Xcode/DerivedData/Ninety-dgdgpfwgmyzmvsajgwhxktscetgw/Build/Intermediates.noindex/Ninety.build/Debug-watchsimulator/NinetyWatch\ Watch\ App.build/Objects-normal/arm64 -c -j10 -enable-batch-mode -incremental -Xcc -ivfsstatcache -Xcc /Users/michele/Library/Developer/Xcode/DerivedData/SDKStatCaches.noindex/watchsimulator26.4-23T238-8aa186fa658f8d2cb200b6f26918d89b.sdkstatcache -output-file-map /Users/michele/Library/Developer/Xcode/DerivedData/Ninety-dgdgpfwgmyzmvsajgwhxktscetgw/Build/Intermediates.noindex/Ninety.build/Debug-watchsimulator/NinetyWatch\ Watch\ App.build/Objects-normal/arm64/NinetyWatch\ Watch\ App-OutputFileMap.json -use-frontend-parseable-output -save-temps -no-color-diagnostics -explicit-module-build -module-cache-path /Users/michele/Library/Developer/Xcode/DerivedData/Ninety-dgdgpfwgmyzmvsajgwhxktscetgw/Build/Intermediates.noindex/SwiftExplicitPrecompiledModules -clang-scanner-module-cache-path /Users/michele/Library/Developer/Xcode/DerivedData/ModuleCache.noindex -sdk-module-cache-path /Users/michele/Library/Developer/Xcode/DerivedData/ModuleCache.noindex -serialize-diagnostics -emit-dependencies -emit-module -emit-module-path /Users/michele/Library/Developer/Xcode/DerivedData/Ninety-dgdgpfwgmyzmvsajgwhxktscetgw/Build/Intermediates.noindex/Ninety.build/Debug-watchsimulator/NinetyWatch\ Watch\ App.build/Objects-normal/arm64/NinetyWatch_Watch_App.swiftmodule -validate-clang-modules-once -clang-build-session-file /Users/michele/Library/Developer/Xcode/DerivedData/ModuleCache.noindex/Session.modulevalidation -Xcc -I/Users/michele/Library/Developer/Xcode/DerivedData/Ninety-dgdgpfwgmyzmvsajgwhxktscetgw/Build/Intermediates.noindex/Ninety.build/Debug-watchsimulator/NinetyWatch\ Watch\ App.build/swift-overrides.hmap -emit-const-values -Xfrontend -const-gather-protocols-file -Xfrontend /Users/michele/Library/Developer/Xcode/DerivedData/Ninety-dgdgpfwgmyzmvsajgwhxktscetgw/Build/Intermediates.noindex/Ninety.build/Debug-watchsimulator/NinetyWatch\ Watch\ App.build/Objects-normal/arm64/NinetyWatch\ Watch\ App_const_extract_protocols.json -Xcc -iquote -Xcc /Users/michele/Library/Developer/Xcode/DerivedData/Ninety-dgdgpfwgmyzmvsajgwhxktscetgw/Build/Intermediates.noindex/Ninety.build/Debug-watchsimulator/NinetyWatch\ Watch\ App.build/NinetyWatch\ Watch\ App-generated-files.hmap -Xcc -I/Users/michele/Library/Developer/Xcode/DerivedData/Ninety-dgdgpfwgmyzmvsajgwhxktscetgw/Build/Intermediates.noindex/Ninety.build/Debug-watchsimulator/NinetyWatch\ Watch\ App.build/NinetyWatch\ Watch\ App-own-target-headers.hmap -Xcc -I/Users/michele/Library/Developer/Xcode/DerivedData/Ninety-dgdgpfwgmyzmvsajgwhxktscetgw/Build/Intermediates.noindex/Ninety.build/Debug-watchsimulator/NinetyWatch\ Watch\ App.build/NinetyWatch\ Watch\ App-all-target-headers.hmap -Xcc -iquote -Xcc /Users/michele/Library/Developer/Xcode/DerivedData/Ninety-dgdgpfwgmyzmvsajgwhxktscetgw/Build/Intermediates.noindex/Ninety.build/Debug-watchsimulator/NinetyWatch\ Watch\ App.build/NinetyWatch\ Watch\ App-project-headers.hmap -Xcc -I/Users/michele/Library/Developer/Xcode/DerivedData/Ninety-dgdgpfwgmyzmvsajgwhxktscetgw/Build/Products/Debug-watchsimulator/include -Xcc -I/Users/michele/Library/Developer/Xcode/DerivedData/Ninety-dgdgpfwgmyzmvsajgwhxktscetgw/Build/Intermediates.noindex/Ninety.build/Debug-watchsimulator/NinetyWatch\ Watch\ App.build/DerivedSources-normal/arm64 -Xcc -I/Users/michele/Library/Developer/Xcode/DerivedData/Ninety-dgdgpfwgmyzmvsajgwhxktscetgw/Build/Intermediates.noindex/Ninety.build/Debug-watchsimulator/NinetyWatch\ Watch\ App.build/DerivedSources/arm64 -Xcc -I/Users/michele/Library/Developer/Xcode/DerivedData/Ninety-dgdgpfwgmyzmvsajgwhxktscetgw/Build/Intermediates.noindex/Ninety.build/Debug-watchsimulator/NinetyWatch\ Watch\ App.build/DerivedSources -Xcc -DDEBUG\=1 -emit-objc-header -emit-objc-header-path /Users/michele/Library/Developer/Xcode/DerivedData/Ninety-dgdgpfwgmyzmvsajgwhxktscetgw/Build/Intermediates.noindex/Ninety.build/Debug-watchsimulator/NinetyWatch\ Watch\ App.build/Objects-normal/arm64/NinetyWatch_Watch_App-Swift.h -working-directory /Users/michele/Documents/Ninety-app -experimental-emit-module-separately -disable-cmo

Copy /Users/michele/Library/Developer/Xcode/DerivedData/Ninety-dgdgpfwgmyzmvsajgwhxktscetgw/Build/Products/Debug-watchsimulator/NinetyWatch_Watch_App.swiftmodule/x86_64-apple-watchos-simulator.abi.json /Users/michele/Library/Developer/Xcode/DerivedData/Ninety-dgdgpfwgmyzmvsajgwhxktscetgw/Build/Intermediates.noindex/Ninety.build/Debug-watchsimulator/NinetyWatch\ Watch\ App.build/Objects-normal/x86_64/NinetyWatch_Watch_App.abi.json (in target 'NinetyWatch Watch App' from project 'Ninety')
    cd /Users/michele/Documents/Ninety-app
    builtin-copy -exclude .DS_Store -exclude CVS -exclude .svn -exclude .git -exclude .hg -resolve-src-symlinks -rename /Users/michele/Library/Developer/Xcode/DerivedData/Ninety-dgdgpfwgmyzmvsajgwhxktscetgw/Build/Intermediates.noindex/Ninety.build/Debug-watchsimulator/NinetyWatch\ Watch\ App.build/Objects-normal/x86_64/NinetyWatch_Watch_App.abi.json /Users/michele/Library/Developer/Xcode/DerivedData/Ninety-dgdgpfwgmyzmvsajgwhxktscetgw/Build/Products/Debug-watchsimulator/NinetyWatch_Watch_App.swiftmodule/x86_64-apple-watchos-simulator.abi.json

Copy /Users/michele/Library/Developer/Xcode/DerivedData/Ninety-dgdgpfwgmyzmvsajgwhxktscetgw/Build/Products/Debug-watchsimulator/NinetyWatch_Watch_App.swiftmodule/x86_64-apple-watchos-simulator.swiftmodule /Users/michele/Library/Developer/Xcode/DerivedData/Ninety-dgdgpfwgmyzmvsajgwhxktscetgw/Build/Intermediates.noindex/Ninety.build/Debug-watchsimulator/NinetyWatch\ Watch\ App.build/Objects-normal/x86_64/NinetyWatch_Watch_App.swiftmodule (in target 'NinetyWatch Watch App' from project 'Ninety')
    cd /Users/michele/Documents/Ninety-app
    builtin-copy -exclude .DS_Store -exclude CVS -exclude .svn -exclude .git -exclude .hg -resolve-src-symlinks -rename /Users/michele/Library/Developer/Xcode/DerivedData/Ninety-dgdgpfwgmyzmvsajgwhxktscetgw/Build/Intermediates.noindex/Ninety.build/Debug-watchsimulator/NinetyWatch\ Watch\ App.build/Objects-normal/x86_64/NinetyWatch_Watch_App.swiftmodule /Users/michele/Library/Developer/Xcode/DerivedData/Ninety-dgdgpfwgmyzmvsajgwhxktscetgw/Build/Products/Debug-watchsimulator/NinetyWatch_Watch_App.swiftmodule/x86_64-apple-watchos-simulator.swiftmodule

Copy /Users/michele/Library/Developer/Xcode/DerivedData/Ninety-dgdgpfwgmyzmvsajgwhxktscetgw/Build/Products/Debug-watchsimulator/NinetyWatch_Watch_App.swiftmodule/arm64-apple-watchos-simulator.swiftmodule /Users/michele/Library/Developer/Xcode/DerivedData/Ninety-dgdgpfwgmyzmvsajgwhxktscetgw/Build/Intermediates.noindex/Ninety.build/Debug-watchsimulator/NinetyWatch\ Watch\ App.build/Objects-normal/arm64/NinetyWatch_Watch_App.swiftmodule (in target 'NinetyWatch Watch App' from project 'Ninety')
    cd /Users/michele/Documents/Ninety-app
    builtin-copy -exclude .DS_Store -exclude CVS -exclude .svn -exclude .git -exclude .hg -resolve-src-symlinks -rename /Users/michele/Library/Developer/Xcode/DerivedData/Ninety-dgdgpfwgmyzmvsajgwhxktscetgw/Build/Intermediates.noindex/Ninety.build/Debug-watchsimulator/NinetyWatch\ Watch\ App.build/Objects-normal/arm64/NinetyWatch_Watch_App.swiftmodule /Users/michele/Library/Developer/Xcode/DerivedData/Ninety-dgdgpfwgmyzmvsajgwhxktscetgw/Build/Products/Debug-watchsimulator/NinetyWatch_Watch_App.swiftmodule/arm64-apple-watchos-simulator.swiftmodule

Copy /Users/michele/Library/Developer/Xcode/DerivedData/Ninety-dgdgpfwgmyzmvsajgwhxktscetgw/Build/Products/Debug-watchsimulator/NinetyWatch_Watch_App.swiftmodule/Project/arm64-apple-watchos-simulator.swiftsourceinfo /Users/michele/Library/Developer/Xcode/DerivedData/Ninety-dgdgpfwgmyzmvsajgwhxktscetgw/Build/Intermediates.noindex/Ninety.build/Debug-watchsimulator/NinetyWatch\ Watch\ App.build/Objects-normal/arm64/NinetyWatch_Watch_App.swiftsourceinfo (in target 'NinetyWatch Watch App' from project 'Ninety')
    cd /Users/michele/Documents/Ninety-app
    builtin-copy -exclude .DS_Store -exclude CVS -exclude .svn -exclude .git -exclude .hg -resolve-src-symlinks -rename /Users/michele/Library/Developer/Xcode/DerivedData/Ninety-dgdgpfwgmyzmvsajgwhxktscetgw/Build/Intermediates.noindex/Ninety.build/Debug-watchsimulator/NinetyWatch\ Watch\ App.build/Objects-normal/arm64/NinetyWatch_Watch_App.swiftsourceinfo /Users/michele/Library/Developer/Xcode/DerivedData/Ninety-dgdgpfwgmyzmvsajgwhxktscetgw/Build/Products/Debug-watchsimulator/NinetyWatch_Watch_App.swiftmodule/Project/arm64-apple-watchos-simulator.swiftsourceinfo

Copy /Users/michele/Library/Developer/Xcode/DerivedData/Ninety-dgdgpfwgmyzmvsajgwhxktscetgw/Build/Products/Debug-watchsimulator/NinetyWatch_Watch_App.swiftmodule/Project/x86_64-apple-watchos-simulator.swiftsourceinfo /Users/michele/Library/Developer/Xcode/DerivedData/Ninety-dgdgpfwgmyzmvsajgwhxktscetgw/Build/Intermediates.noindex/Ninety.build/Debug-watchsimulator/NinetyWatch\ Watch\ App.build/Objects-normal/x86_64/NinetyWatch_Watch_App.swiftsourceinfo (in target 'NinetyWatch Watch App' from project 'Ninety')
    cd /Users/michele/Documents/Ninety-app
    builtin-copy -exclude .DS_Store -exclude CVS -exclude .svn -exclude .git -exclude .hg -resolve-src-symlinks -rename /Users/michele/Library/Developer/Xcode/DerivedData/Ninety-dgdgpfwgmyzmvsajgwhxktscetgw/Build/Intermediates.noindex/Ninety.build/Debug-watchsimulator/NinetyWatch\ Watch\ App.build/Objects-normal/x86_64/NinetyWatch_Watch_App.swiftsourceinfo /Users/michele/Library/Developer/Xcode/DerivedData/Ninety-dgdgpfwgmyzmvsajgwhxktscetgw/Build/Products/Debug-watchsimulator/NinetyWatch_Watch_App.swiftmodule/Project/x86_64-apple-watchos-simulator.swiftsourceinfo

Copy /Users/michele/Library/Developer/Xcode/DerivedData/Ninety-dgdgpfwgmyzmvsajgwhxktscetgw/Build/Products/Debug-watchsimulator/NinetyWatch_Watch_App.swiftmodule/arm64-apple-watchos-simulator.abi.json /Users/michele/Library/Developer/Xcode/DerivedData/Ninety-dgdgpfwgmyzmvsajgwhxktscetgw/Build/Intermediates.noindex/Ninety.build/Debug-watchsimulator/NinetyWatch\ Watch\ App.build/Objects-normal/arm64/NinetyWatch_Watch_App.abi.json (in target 'NinetyWatch Watch App' from project 'Ninety')
    cd /Users/michele/Documents/Ninety-app
    builtin-copy -exclude .DS_Store -exclude CVS -exclude .svn -exclude .git -exclude .hg -resolve-src-symlinks -rename /Users/michele/Library/Developer/Xcode/DerivedData/Ninety-dgdgpfwgmyzmvsajgwhxktscetgw/Build/Intermediates.noindex/Ninety.build/Debug-watchsimulator/NinetyWatch\ Watch\ App.build/Objects-normal/arm64/NinetyWatch_Watch_App.abi.json /Users/michele/Library/Developer/Xcode/DerivedData/Ninety-dgdgpfwgmyzmvsajgwhxktscetgw/Build/Products/Debug-watchsimulator/NinetyWatch_Watch_App.swiftmodule/arm64-apple-watchos-simulator.abi.json

Ld /Users/michele/Library/Developer/Xcode/DerivedData/Ninety-dgdgpfwgmyzmvsajgwhxktscetgw/Build/Intermediates.noindex/Ninety.build/Debug-watchsimulator/NinetyWatch\ Watch\ App.build/Objects-normal/x86_64/Binary/NinetyWatch\ Watch\ App.debug.dylib normal x86_64 (in target 'NinetyWatch Watch App' from project 'Ninety')
    cd /Users/michele/Documents/Ninety-app
    /Applications/Xcode.app/Contents/Developer/Toolchains/XcodeDefault.xctoolchain/usr/bin/clang -Xlinker -reproducible -target x86_64-apple-watchos26.0-simulator -dynamiclib -isysroot /Applications/Xcode.app/Contents/Developer/Platforms/WatchSimulator.platform/Developer/SDKs/WatchSimulator26.4.sdk -O0 -L/Users/michele/Library/Developer/Xcode/DerivedData/Ninety-dgdgpfwgmyzmvsajgwhxktscetgw/Build/Intermediates.noindex/EagerLinkingTBDs/Debug-watchsimulator -L/Users/michele/Library/Developer/Xcode/DerivedData/Ninety-dgdgpfwgmyzmvsajgwhxktscetgw/Build/Products/Debug-watchsimulator -F/Users/michele/Library/Developer/Xcode/DerivedData/Ninety-dgdgpfwgmyzmvsajgwhxktscetgw/Build/Intermediates.noindex/EagerLinkingTBDs/Debug-watchsimulator -F/Users/michele/Library/Developer/Xcode/DerivedData/Ninety-dgdgpfwgmyzmvsajgwhxktscetgw/Build/Products/Debug-watchsimulator -filelist /Users/michele/Library/Developer/Xcode/DerivedData/Ninety-dgdgpfwgmyzmvsajgwhxktscetgw/Build/Intermediates.noindex/Ninety.build/Debug-watchsimulator/NinetyWatch\ Watch\ App.build/Objects-normal/x86_64/NinetyWatch\ Watch\ App.LinkFileList -install_name @rpath/NinetyWatch\ Watch\ App.debug.dylib -Xlinker -rpath -Xlinker @executable_path/Frameworks -Xlinker -dead_strip -Xlinker -object_path_lto -Xlinker /Users/michele/Library/Developer/Xcode/DerivedData/Ninety-dgdgpfwgmyzmvsajgwhxktscetgw/Build/Intermediates.noindex/Ninety.build/Debug-watchsimulator/NinetyWatch\ Watch\ App.build/Objects-normal/x86_64/NinetyWatch\ Watch\ App_lto.o -rdynamic -Xlinker -no_deduplicate -Xlinker -objc_abi_version -Xlinker 2 -Xlinker -dependency_info -Xlinker /Users/michele/Library/Developer/Xcode/DerivedData/Ninety-dgdgpfwgmyzmvsajgwhxktscetgw/Build/Intermediates.noindex/Ninety.build/Debug-watchsimulator/NinetyWatch\ Watch\ App.build/Objects-normal/x86_64/NinetyWatch\ Watch\ App_dependency_info.dat -fobjc-link-runtime -L/Applications/Xcode.app/Contents/Developer/Toolchains/XcodeDefault.xctoolchain/usr/lib/swift/watchsimulator -L/usr/lib/swift -Xlinker -add_ast_path -Xlinker /Users/michele/Library/Developer/Xcode/DerivedData/Ninety-dgdgpfwgmyzmvsajgwhxktscetgw/Build/Intermediates.noindex/Ninety.build/Debug-watchsimulator/NinetyWatch\ Watch\ App.build/Objects-normal/x86_64/NinetyWatch_Watch_App.swiftmodule @/Users/michele/Library/Developer/Xcode/DerivedData/Ninety-dgdgpfwgmyzmvsajgwhxktscetgw/Build/Intermediates.noindex/Ninety.build/Debug-watchsimulator/NinetyWatch\ Watch\ App.build/Objects-normal/x86_64/NinetyWatch_Watch_App-linker-args.resp -Xlinker -alias -Xlinker _main -Xlinker ___debug_main_executable_dylib_entry_point -framework CoreMotion -Xlinker -no_adhoc_codesign -o /Users/michele/Library/Developer/Xcode/DerivedData/Ninety-dgdgpfwgmyzmvsajgwhxktscetgw/Build/Intermediates.noindex/Ninety.build/Debug-watchsimulator/NinetyWatch\ Watch\ App.build/Objects-normal/x86_64/Binary/NinetyWatch\ Watch\ App.debug.dylib

CompileAssetCatalogVariant thinned /Users/michele/Library/Developer/Xcode/DerivedData/Ninety-dgdgpfwgmyzmvsajgwhxktscetgw/Build/Products/Debug-watchsimulator/Ninety.app /Users/michele/Documents/Ninety-app/Ninety/Preview\ Content/Preview\ Assets.xcassets /Users/michele/Documents/Ninety-app/Ninety/Assets.xcassets (in target 'Ninety' from project 'Ninety')
    cd /Users/michele/Documents/Ninety-app
    /Applications/Xcode.app/Contents/Developer/usr/bin/actool /Users/michele/Documents/Ninety-app/Ninety/Preview\ Content/Preview\ Assets.xcassets /Users/michele/Documents/Ninety-app/Ninety/Assets.xcassets --compile /Users/michele/Library/Developer/Xcode/DerivedData/Ninety-dgdgpfwgmyzmvsajgwhxktscetgw/Build/Intermediates.noindex/Ninety.build/Debug-watchsimulator/Ninety.build/assetcatalog_output/thinned --output-format human-readable-text --notices --warnings --export-dependency-info /Users/michele/Library/Developer/Xcode/DerivedData/Ninety-dgdgpfwgmyzmvsajgwhxktscetgw/Build/Intermediates.noindex/Ninety.build/Debug-watchsimulator/Ninety.build/assetcatalog_dependencies_thinned --output-partial-info-plist /Users/michele/Library/Developer/Xcode/DerivedData/Ninety-dgdgpfwgmyzmvsajgwhxktscetgw/Build/Intermediates.noindex/Ninety.build/Debug-watchsimulator/Ninety.build/assetcatalog_generated_info.plist_thinned --app-icon AppIcon --accent-color AccentColor --compress-pngs --enable-on-demand-resources YES --development-region en --target-device watch --minimum-deployment-target 26.4 --platform watchsimulator
/Users/michele/Documents/Ninety-app/Ninety/Utilities/SafariView.swift:9:8: error: unable to resolve module dependency: 'SafariServices'
import SafariServices
       ^
/Users/michele/Documents/Ninety-app/Ninety/Utilities/SafariView.swift:9:8: note: a dependency of main module 'Ninety'
import SafariServices
       ^
/Users/michele/Documents/Ninety-app/Ninety/Utilities/SafariView.swift:9:8: error: unable to resolve module dependency: 'SafariServices'
import SafariServices
       ^
/Users/michele/Documents/Ninety-app/Ninety/Utilities/SafariView.swift:9:8: note: a dependency of main module 'Ninety'
import SafariServices
       ^

CompileXCStrings /Users/michele/Library/Developer/Xcode/DerivedData/Ninety-dgdgpfwgmyzmvsajgwhxktscetgw/Build/Intermediates.noindex/Ninety.build/Debug-watchsimulator/Ninety.build/ /Users/michele/Documents/Ninety-app/Ninety/Localizable.xcstrings (in target 'Ninety' from project 'Ninety')
    cd /Users/michele/Documents/Ninety-app
    /Applications/Xcode.app/Contents/Developer/usr/bin/xcstringstool compile --output-directory /Users/michele/Library/Developer/Xcode/DerivedData/Ninety-dgdgpfwgmyzmvsajgwhxktscetgw/Build/Intermediates.noindex/Ninety.build/Debug-watchsimulator/Ninety.build /Users/michele/Documents/Ninety-app/Ninety/Localizable.xcstrings

Ld /Users/michele/Library/Developer/Xcode/DerivedData/Ninety-dgdgpfwgmyzmvsajgwhxktscetgw/Build/Intermediates.noindex/Ninety.build/Debug-watchsimulator/NinetyWatch\ Watch\ App.build/Objects-normal/arm64/Binary/NinetyWatch\ Watch\ App.debug.dylib normal arm64 (in target 'NinetyWatch Watch App' from project 'Ninety')
    cd /Users/michele/Documents/Ninety-app
    /Applications/Xcode.app/Contents/Developer/Toolchains/XcodeDefault.xctoolchain/usr/bin/clang -Xlinker -reproducible -target arm64-apple-watchos26.0-simulator -dynamiclib -isysroot /Applications/Xcode.app/Contents/Developer/Platforms/WatchSimulator.platform/Developer/SDKs/WatchSimulator26.4.sdk -O0 -L/Users/michele/Library/Developer/Xcode/DerivedData/Ninety-dgdgpfwgmyzmvsajgwhxktscetgw/Build/Intermediates.noindex/EagerLinkingTBDs/Debug-watchsimulator -L/Users/michele/Library/Developer/Xcode/DerivedData/Ninety-dgdgpfwgmyzmvsajgwhxktscetgw/Build/Products/Debug-watchsimulator -F/Users/michele/Library/Developer/Xcode/DerivedData/Ninety-dgdgpfwgmyzmvsajgwhxktscetgw/Build/Intermediates.noindex/EagerLinkingTBDs/Debug-watchsimulator -F/Users/michele/Library/Developer/Xcode/DerivedData/Ninety-dgdgpfwgmyzmvsajgwhxktscetgw/Build/Products/Debug-watchsimulator -filelist /Users/michele/Library/Developer/Xcode/DerivedData/Ninety-dgdgpfwgmyzmvsajgwhxktscetgw/Build/Intermediates.noindex/Ninety.build/Debug-watchsimulator/NinetyWatch\ Watch\ App.build/Objects-normal/arm64/NinetyWatch\ Watch\ App.LinkFileList -install_name @rpath/NinetyWatch\ Watch\ App.debug.dylib -Xlinker -rpath -Xlinker @executable_path/Frameworks -Xlinker -dead_strip -Xlinker -object_path_lto -Xlinker /Users/michele/Library/Developer/Xcode/DerivedData/Ninety-dgdgpfwgmyzmvsajgwhxktscetgw/Build/Intermediates.noindex/Ninety.build/Debug-watchsimulator/NinetyWatch\ Watch\ App.build/Objects-normal/arm64/NinetyWatch\ Watch\ App_lto.o -rdynamic -Xlinker -no_deduplicate -Xlinker -objc_abi_version -Xlinker 2 -Xlinker -dependency_info -Xlinker /Users/michele/Library/Developer/Xcode/DerivedData/Ninety-dgdgpfwgmyzmvsajgwhxktscetgw/Build/Intermediates.noindex/Ninety.build/Debug-watchsimulator/NinetyWatch\ Watch\ App.build/Objects-normal/arm64/NinetyWatch\ Watch\ App_dependency_info.dat -fobjc-link-runtime -L/Applications/Xcode.app/Contents/Developer/Toolchains/XcodeDefault.xctoolchain/usr/lib/swift/watchsimulator -L/usr/lib/swift -Xlinker -add_ast_path -Xlinker /Users/michele/Library/Developer/Xcode/DerivedData/Ninety-dgdgpfwgmyzmvsajgwhxktscetgw/Build/Intermediates.noindex/Ninety.build/Debug-watchsimulator/NinetyWatch\ Watch\ App.build/Objects-normal/arm64/NinetyWatch_Watch_App.swiftmodule @/Users/michele/Library/Developer/Xcode/DerivedData/Ninety-dgdgpfwgmyzmvsajgwhxktscetgw/Build/Intermediates.noindex/Ninety.build/Debug-watchsimulator/NinetyWatch\ Watch\ App.build/Objects-normal/arm64/NinetyWatch_Watch_App-linker-args.resp -Xlinker -alias -Xlinker _main -Xlinker ___debug_main_executable_dylib_entry_point -framework CoreMotion -Xlinker -no_adhoc_codesign -o /Users/michele/Library/Developer/Xcode/DerivedData/Ninety-dgdgpfwgmyzmvsajgwhxktscetgw/Build/Intermediates.noindex/Ninety.build/Debug-watchsimulator/NinetyWatch\ Watch\ App.build/Objects-normal/arm64/Binary/NinetyWatch\ Watch\ App.debug.dylib

SwiftDriver Ninety normal arm64 com.apple.xcode.tools.swift.compiler (in target 'Ninety' from project 'Ninety')
    cd /Users/michele/Documents/Ninety-app
    builtin-SwiftDriver -- /Applications/Xcode.app/Contents/Developer/Toolchains/XcodeDefault.xctoolchain/usr/bin/swiftc -module-name Ninety -Onone @/Users/michele/Library/Developer/Xcode/DerivedData/Ninety-dgdgpfwgmyzmvsajgwhxktscetgw/Build/Intermediates.noindex/Ninety.build/Debug-watchsimulator/Ninety.build/Objects-normal/arm64/Ninety.SwiftFileList -DDEBUG -enable-bare-slash-regex -enable-experimental-feature DebugDescriptionMacro -sdk /Applications/Xcode.app/Contents/Developer/Platforms/WatchSimulator.platform/Developer/SDKs/WatchSimulator26.4.sdk -target arm64-apple-watchos26.4-simulator -g -module-cache-path /Users/michele/Library/Developer/Xcode/DerivedData/ModuleCache.noindex -Xfrontend -serialize-debugging-options -enable-testing -index-store-path /Users/michele/Library/Developer/Xcode/DerivedData/Ninety-dgdgpfwgmyzmvsajgwhxktscetgw/Index.noindex/DataStore -Xcc -D_LIBCPP_HARDENING_MODE\=_LIBCPP_HARDENING_MODE_DEBUG -swift-version 5 -I /Users/michele/Library/Developer/Xcode/DerivedData/Ninety-dgdgpfwgmyzmvsajgwhxktscetgw/Build/Products/Debug-watchsimulator -F /Users/michele/Library/Developer/Xcode/DerivedData/Ninety-dgdgpfwgmyzmvsajgwhxktscetgw/Build/Products/Debug-watchsimulator -emit-localized-strings -emit-localized-strings-path /Users/michele/Library/Developer/Xcode/DerivedData/Ninety-dgdgpfwgmyzmvsajgwhxktscetgw/Build/Intermediates.noindex/Ninety.build/Debug-watchsimulator/Ninety.build/Objects-normal/arm64 -c -j10 -enable-batch-mode -incremental -Xcc -ivfsstatcache -Xcc /Users/michele/Library/Developer/Xcode/DerivedData/SDKStatCaches.noindex/watchsimulator26.4-23T238-8aa186fa658f8d2cb200b6f26918d89b.sdkstatcache -output-file-map /Users/michele/Library/Developer/Xcode/DerivedData/Ninety-dgdgpfwgmyzmvsajgwhxktscetgw/Build/Intermediates.noindex/Ninety.build/Debug-watchsimulator/Ninety.build/Objects-normal/arm64/Ninety-OutputFileMap.json -use-frontend-parseable-output -save-temps -no-color-diagnostics -explicit-module-build -module-cache-path /Users/michele/Library/Developer/Xcode/DerivedData/Ninety-dgdgpfwgmyzmvsajgwhxktscetgw/Build/Intermediates.noindex/SwiftExplicitPrecompiledModules -clang-scanner-module-cache-path /Users/michele/Library/Developer/Xcode/DerivedData/ModuleCache.noindex -sdk-module-cache-path /Users/michele/Library/Developer/Xcode/DerivedData/ModuleCache.noindex -serialize-diagnostics -emit-dependencies -emit-module -emit-module-path /Users/michele/Library/Developer/Xcode/DerivedData/Ninety-dgdgpfwgmyzmvsajgwhxktscetgw/Build/Intermediates.noindex/Ninety.build/Debug-watchsimulator/Ninety.build/Objects-normal/arm64/Ninety.swiftmodule -validate-clang-modules-once -clang-build-session-file /Users/michele/Library/Developer/Xcode/DerivedData/ModuleCache.noindex/Session.modulevalidation -Xcc -I/Users/michele/Library/Developer/Xcode/DerivedData/Ninety-dgdgpfwgmyzmvsajgwhxktscetgw/Build/Intermediates.noindex/Ninety.build/Debug-watchsimulator/Ninety.build/swift-overrides.hmap -emit-const-values -Xfrontend -const-gather-protocols-file -Xfrontend /Users/michele/Library/Developer/Xcode/DerivedData/Ninety-dgdgpfwgmyzmvsajgwhxktscetgw/Build/Intermediates.noindex/Ninety.build/Debug-watchsimulator/Ninety.build/Objects-normal/arm64/Ninety_const_extract_protocols.json -Xcc -iquote -Xcc /Users/michele/Library/Developer/Xcode/DerivedData/Ninety-dgdgpfwgmyzmvsajgwhxktscetgw/Build/Intermediates.noindex/Ninety.build/Debug-watchsimulator/Ninety.build/Ninety-generated-files.hmap -Xcc -I/Users/michele/Library/Developer/Xcode/DerivedData/Ninety-dgdgpfwgmyzmvsajgwhxktscetgw/Build/Intermediates.noindex/Ninety.build/Debug-watchsimulator/Ninety.build/Ninety-own-target-headers.hmap -Xcc -I/Users/michele/Library/Developer/Xcode/DerivedData/Ninety-dgdgpfwgmyzmvsajgwhxktscetgw/Build/Intermediates.noindex/Ninety.build/Debug-watchsimulator/Ninety.build/Ninety-all-target-headers.hmap -Xcc -iquote -Xcc /Users/michele/Library/Developer/Xcode/DerivedData/Ninety-dgdgpfwgmyzmvsajgwhxktscetgw/Build/Intermediates.noindex/Ninety.build/Debug-watchsimulator/Ninety.build/Ninety-project-headers.hmap -Xcc -I/Users/michele/Library/Developer/Xcode/DerivedData/Ninety-dgdgpfwgmyzmvsajgwhxktscetgw/Build/Products/Debug-watchsimulator/include -Xcc -I/Users/michele/Library/Developer/Xcode/DerivedData/Ninety-dgdgpfwgmyzmvsajgwhxktscetgw/Build/Intermediates.noindex/Ninety.build/Debug-watchsimulator/Ninety.build/DerivedSources-normal/arm64 -Xcc -I/Users/michele/Library/Developer/Xcode/DerivedData/Ninety-dgdgpfwgmyzmvsajgwhxktscetgw/Build/Intermediates.noindex/Ninety.build/Debug-watchsimulator/Ninety.build/DerivedSources/arm64 -Xcc -I/Users/michele/Library/Developer/Xcode/DerivedData/Ninety-dgdgpfwgmyzmvsajgwhxktscetgw/Build/Intermediates.noindex/Ninety.build/Debug-watchsimulator/Ninety.build/DerivedSources -Xcc -DDEBUG\=1 -emit-objc-header -emit-objc-header-path /Users/michele/Library/Developer/Xcode/DerivedData/Ninety-dgdgpfwgmyzmvsajgwhxktscetgw/Build/Intermediates.noindex/Ninety.build/Debug-watchsimulator/Ninety.build/Objects-normal/arm64/Ninety-Swift.h -working-directory /Users/michele/Documents/Ninety-app -experimental-emit-module-separately -disable-cmo
/Users/michele/Documents/Ninety-app/Ninety/Utilities/SafariView.swift:9:8: error: Unable to resolve module dependency: 'SafariServices'
import SafariServices
       ^ (in target 'Ninety' from project 'Ninety')
/Users/michele/Documents/Ninety-app/Ninety/Utilities/SafariView.swift:9:8: note: A dependency of main module 'Ninety'
import SafariServices
       ^ (in target 'Ninety' from project 'Ninety')

SwiftDriver Ninety normal x86_64 com.apple.xcode.tools.swift.compiler (in target 'Ninety' from project 'Ninety')
    cd /Users/michele/Documents/Ninety-app
    builtin-SwiftDriver -- /Applications/Xcode.app/Contents/Developer/Toolchains/XcodeDefault.xctoolchain/usr/bin/swiftc -module-name Ninety -Onone @/Users/michele/Library/Developer/Xcode/DerivedData/Ninety-dgdgpfwgmyzmvsajgwhxktscetgw/Build/Intermediates.noindex/Ninety.build/Debug-watchsimulator/Ninety.build/Objects-normal/x86_64/Ninety.SwiftFileList -DDEBUG -enable-bare-slash-regex -enable-experimental-feature DebugDescriptionMacro -sdk /Applications/Xcode.app/Contents/Developer/Platforms/WatchSimulator.platform/Developer/SDKs/WatchSimulator26.4.sdk -target x86_64-apple-watchos26.4-simulator -g -module-cache-path /Users/michele/Library/Developer/Xcode/DerivedData/ModuleCache.noindex -Xfrontend -serialize-debugging-options -enable-testing -index-store-path /Users/michele/Library/Developer/Xcode/DerivedData/Ninety-dgdgpfwgmyzmvsajgwhxktscetgw/Index.noindex/DataStore -Xcc -D_LIBCPP_HARDENING_MODE\=_LIBCPP_HARDENING_MODE_DEBUG -swift-version 5 -I /Users/michele/Library/Developer/Xcode/DerivedData/Ninety-dgdgpfwgmyzmvsajgwhxktscetgw/Build/Products/Debug-watchsimulator -F /Users/michele/Library/Developer/Xcode/DerivedData/Ninety-dgdgpfwgmyzmvsajgwhxktscetgw/Build/Products/Debug-watchsimulator -emit-localized-strings -emit-localized-strings-path /Users/michele/Library/Developer/Xcode/DerivedData/Ninety-dgdgpfwgmyzmvsajgwhxktscetgw/Build/Intermediates.noindex/Ninety.build/Debug-watchsimulator/Ninety.build/Objects-normal/x86_64 -c -j10 -enable-batch-mode -incremental -Xcc -ivfsstatcache -Xcc /Users/michele/Library/Developer/Xcode/DerivedData/SDKStatCaches.noindex/watchsimulator26.4-23T238-8aa186fa658f8d2cb200b6f26918d89b.sdkstatcache -output-file-map /Users/michele/Library/Developer/Xcode/DerivedData/Ninety-dgdgpfwgmyzmvsajgwhxktscetgw/Build/Intermediates.noindex/Ninety.build/Debug-watchsimulator/Ninety.build/Objects-normal/x86_64/Ninety-OutputFileMap.json -use-frontend-parseable-output -save-temps -no-color-diagnostics -explicit-module-build -module-cache-path /Users/michele/Library/Developer/Xcode/DerivedData/Ninety-dgdgpfwgmyzmvsajgwhxktscetgw/Build/Intermediates.noindex/SwiftExplicitPrecompiledModules -clang-scanner-module-cache-path /Users/michele/Library/Developer/Xcode/DerivedData/ModuleCache.noindex -sdk-module-cache-path /Users/michele/Library/Developer/Xcode/DerivedData/ModuleCache.noindex -serialize-diagnostics -emit-dependencies -emit-module -emit-module-path /Users/michele/Library/Developer/Xcode/DerivedData/Ninety-dgdgpfwgmyzmvsajgwhxktscetgw/Build/Intermediates.noindex/Ninety.build/Debug-watchsimulator/Ninety.build/Objects-normal/x86_64/Ninety.swiftmodule -validate-clang-modules-once -clang-build-session-file /Users/michele/Library/Developer/Xcode/DerivedData/ModuleCache.noindex/Session.modulevalidation -Xcc -I/Users/michele/Library/Developer/Xcode/DerivedData/Ninety-dgdgpfwgmyzmvsajgwhxktscetgw/Build/Intermediates.noindex/Ninety.build/Debug-watchsimulator/Ninety.build/swift-overrides.hmap -emit-const-values -Xfrontend -const-gather-protocols-file -Xfrontend /Users/michele/Library/Developer/Xcode/DerivedData/Ninety-dgdgpfwgmyzmvsajgwhxktscetgw/Build/Intermediates.noindex/Ninety.build/Debug-watchsimulator/Ninety.build/Objects-normal/x86_64/Ninety_const_extract_protocols.json -Xcc -iquote -Xcc /Users/michele/Library/Developer/Xcode/DerivedData/Ninety-dgdgpfwgmyzmvsajgwhxktscetgw/Build/Intermediates.noindex/Ninety.build/Debug-watchsimulator/Ninety.build/Ninety-generated-files.hmap -Xcc -I/Users/michele/Library/Developer/Xcode/DerivedData/Ninety-dgdgpfwgmyzmvsajgwhxktscetgw/Build/Intermediates.noindex/Ninety.build/Debug-watchsimulator/Ninety.build/Ninety-own-target-headers.hmap -Xcc -I/Users/michele/Library/Developer/Xcode/DerivedData/Ninety-dgdgpfwgmyzmvsajgwhxktscetgw/Build/Intermediates.noindex/Ninety.build/Debug-watchsimulator/Ninety.build/Ninety-all-target-headers.hmap -Xcc -iquote -Xcc /Users/michele/Library/Developer/Xcode/DerivedData/Ninety-dgdgpfwgmyzmvsajgwhxktscetgw/Build/Intermediates.noindex/Ninety.build/Debug-watchsimulator/Ninety.build/Ninety-project-headers.hmap -Xcc -I/Users/michele/Library/Developer/Xcode/DerivedData/Ninety-dgdgpfwgmyzmvsajgwhxktscetgw/Build/Products/Debug-watchsimulator/include -Xcc -I/Users/michele/Library/Developer/Xcode/DerivedData/Ninety-dgdgpfwgmyzmvsajgwhxktscetgw/Build/Intermediates.noindex/Ninety.build/Debug-watchsimulator/Ninety.build/DerivedSources-normal/x86_64 -Xcc -I/Users/michele/Library/Developer/Xcode/DerivedData/Ninety-dgdgpfwgmyzmvsajgwhxktscetgw/Build/Intermediates.noindex/Ninety.build/Debug-watchsimulator/Ninety.build/DerivedSources/x86_64 -Xcc -I/Users/michele/Library/Developer/Xcode/DerivedData/Ninety-dgdgpfwgmyzmvsajgwhxktscetgw/Build/Intermediates.noindex/Ninety.build/Debug-watchsimulator/Ninety.build/DerivedSources -Xcc -DDEBUG\=1 -emit-objc-header -emit-objc-header-path /Users/michele/Library/Developer/Xcode/DerivedData/Ninety-dgdgpfwgmyzmvsajgwhxktscetgw/Build/Intermediates.noindex/Ninety.build/Debug-watchsimulator/Ninety.build/Objects-normal/x86_64/Ninety-Swift.h -working-directory /Users/michele/Documents/Ninety-app -experimental-emit-module-separately -disable-cmo
/Users/michele/Documents/Ninety-app/Ninety/Utilities/SafariView.swift:9:8: error: Unable to resolve module dependency: 'SafariServices'
import SafariServices
       ^ (in target 'Ninety' from project 'Ninety')
/Users/michele/Documents/Ninety-app/Ninety/Utilities/SafariView.swift:9:8: note: A dependency of main module 'Ninety'
import SafariServices
       ^ (in target 'Ninety' from project 'Ninety')

CopyStringsFile /Users/michele/Library/Developer/Xcode/DerivedData/Ninety-dgdgpfwgmyzmvsajgwhxktscetgw/Build/Products/Debug-watchsimulator/Ninety.app/zh-Hans.lproj/Localizable.strings /Users/michele/Library/Developer/Xcode/DerivedData/Ninety-dgdgpfwgmyzmvsajgwhxktscetgw/Build/Intermediates.noindex/Ninety.build/Debug-watchsimulator/Ninety.build/zh-Hans.lproj/Localizable.strings (in target 'Ninety' from project 'Ninety')
    cd /Users/michele/Documents/Ninety-app
    builtin-copyStrings --validate --outputencoding binary --outfilename Localizable.strings --outdir /Users/michele/Library/Developer/Xcode/DerivedData/Ninety-dgdgpfwgmyzmvsajgwhxktscetgw/Build/Products/Debug-watchsimulator/Ninety.app/zh-Hans.lproj -- /Users/michele/Library/Developer/Xcode/DerivedData/Ninety-dgdgpfwgmyzmvsajgwhxktscetgw/Build/Intermediates.noindex/Ninety.build/Debug-watchsimulator/Ninety.build/zh-Hans.lproj/Localizable.strings
/Users/michele/Library/Developer/Xcode/DerivedData/Ninety-dgdgpfwgmyzmvsajgwhxktscetgw/Build/Intermediates.noindex/Ninety.build/Debug-watchsimulator/Ninety.build/zh-Hans.lproj/Localizable.strings:1:1: note: detected encoding of input file as Unicode (UTF-8) (in target 'Ninety' from project 'Ninety')

CopyStringsFile /Users/michele/Library/Developer/Xcode/DerivedData/Ninety-dgdgpfwgmyzmvsajgwhxktscetgw/Build/Products/Debug-watchsimulator/Ninety.app/it.lproj/Localizable.strings /Users/michele/Library/Developer/Xcode/DerivedData/Ninety-dgdgpfwgmyzmvsajgwhxktscetgw/Build/Intermediates.noindex/Ninety.build/Debug-watchsimulator/Ninety.build/it.lproj/Localizable.strings (in target 'Ninety' from project 'Ninety')
    cd /Users/michele/Documents/Ninety-app
    builtin-copyStrings --validate --outputencoding binary --outfilename Localizable.strings --outdir /Users/michele/Library/Developer/Xcode/DerivedData/Ninety-dgdgpfwgmyzmvsajgwhxktscetgw/Build/Products/Debug-watchsimulator/Ninety.app/it.lproj -- /Users/michele/Library/Developer/Xcode/DerivedData/Ninety-dgdgpfwgmyzmvsajgwhxktscetgw/Build/Intermediates.noindex/Ninety.build/Debug-watchsimulator/Ninety.build/it.lproj/Localizable.strings
/Users/michele/Library/Developer/Xcode/DerivedData/Ninety-dgdgpfwgmyzmvsajgwhxktscetgw/Build/Intermediates.noindex/Ninety.build/Debug-watchsimulator/Ninety.build/it.lproj/Localizable.strings:1:1: note: detected encoding of input file as Unicode (UTF-8) (in target 'Ninety' from project 'Ninety')

CopyStringsFile /Users/michele/Library/Developer/Xcode/DerivedData/Ninety-dgdgpfwgmyzmvsajgwhxktscetgw/Build/Products/Debug-watchsimulator/Ninety.app/es.lproj/Localizable.strings /Users/michele/Library/Developer/Xcode/DerivedData/Ninety-dgdgpfwgmyzmvsajgwhxktscetgw/Build/Intermediates.noindex/Ninety.build/Debug-watchsimulator/Ninety.build/es.lproj/Localizable.strings (in target 'Ninety' from project 'Ninety')
    cd /Users/michele/Documents/Ninety-app
    builtin-copyStrings --validate --outputencoding binary --outfilename Localizable.strings --outdir /Users/michele/Library/Developer/Xcode/DerivedData/Ninety-dgdgpfwgmyzmvsajgwhxktscetgw/Build/Products/Debug-watchsimulator/Ninety.app/es.lproj -- /Users/michele/Library/Developer/Xcode/DerivedData/Ninety-dgdgpfwgmyzmvsajgwhxktscetgw/Build/Intermediates.noindex/Ninety.build/Debug-watchsimulator/Ninety.build/es.lproj/Localizable.strings
/Users/michele/Library/Developer/Xcode/DerivedData/Ninety-dgdgpfwgmyzmvsajgwhxktscetgw/Build/Intermediates.noindex/Ninety.build/Debug-watchsimulator/Ninety.build/es.lproj/Localizable.strings:1:1: note: detected encoding of input file as Unicode (UTF-8) (in target 'Ninety' from project 'Ninety')

CopyStringsFile /Users/michele/Library/Developer/Xcode/DerivedData/Ninety-dgdgpfwgmyzmvsajgwhxktscetgw/Build/Products/Debug-watchsimulator/Ninety.app/ar.lproj/Localizable.strings /Users/michele/Library/Developer/Xcode/DerivedData/Ninety-dgdgpfwgmyzmvsajgwhxktscetgw/Build/Intermediates.noindex/Ninety.build/Debug-watchsimulator/Ninety.build/ar.lproj/Localizable.strings (in target 'Ninety' from project 'Ninety')
    cd /Users/michele/Documents/Ninety-app
    builtin-copyStrings --validate --outputencoding binary --outfilename Localizable.strings --outdir /Users/michele/Library/Developer/Xcode/DerivedData/Ninety-dgdgpfwgmyzmvsajgwhxktscetgw/Build/Products/Debug-watchsimulator/Ninety.app/ar.lproj -- /Users/michele/Library/Developer/Xcode/DerivedData/Ninety-dgdgpfwgmyzmvsajgwhxktscetgw/Build/Intermediates.noindex/Ninety.build/Debug-watchsimulator/Ninety.build/ar.lproj/Localizable.strings
/Users/michele/Library/Developer/Xcode/DerivedData/Ninety-dgdgpfwgmyzmvsajgwhxktscetgw/Build/Intermediates.noindex/Ninety.build/Debug-watchsimulator/Ninety.build/ar.lproj/Localizable.strings:1:1: note: detected encoding of input file as Unicode (UTF-8) (in target 'Ninety' from project 'Ninety')

CopyStringsFile /Users/michele/Library/Developer/Xcode/DerivedData/Ninety-dgdgpfwgmyzmvsajgwhxktscetgw/Build/Products/Debug-watchsimulator/Ninety.app/en.lproj/Localizable.strings /Users/michele/Library/Developer/Xcode/DerivedData/Ninety-dgdgpfwgmyzmvsajgwhxktscetgw/Build/Intermediates.noindex/Ninety.build/Debug-watchsimulator/Ninety.build/en.lproj/Localizable.strings (in target 'Ninety' from project 'Ninety')
    cd /Users/michele/Documents/Ninety-app
    builtin-copyStrings --validate --outputencoding binary --outfilename Localizable.strings --outdir /Users/michele/Library/Developer/Xcode/DerivedData/Ninety-dgdgpfwgmyzmvsajgwhxktscetgw/Build/Products/Debug-watchsimulator/Ninety.app/en.lproj -- /Users/michele/Library/Developer/Xcode/DerivedData/Ninety-dgdgpfwgmyzmvsajgwhxktscetgw/Build/Intermediates.noindex/Ninety.build/Debug-watchsimulator/Ninety.build/en.lproj/Localizable.strings
/Users/michele/Library/Developer/Xcode/DerivedData/Ninety-dgdgpfwgmyzmvsajgwhxktscetgw/Build/Intermediates.noindex/Ninety.build/Debug-watchsimulator/Ninety.build/en.lproj/Localizable.strings:1:1: note: detected encoding of input file as Unicode (UTF-8) (in target 'Ninety' from project 'Ninety')

ConstructStubExecutorLinkFileList /Users/michele/Library/Developer/Xcode/DerivedData/Ninety-dgdgpfwgmyzmvsajgwhxktscetgw/Build/Intermediates.noindex/Ninety.build/Debug-watchsimulator/NinetyWatch\ Watch\ App.build/NinetyWatch\ Watch\ App-ExecutorLinkFileList-normal-arm64.txt (in target 'NinetyWatch Watch App' from project 'Ninety')
    cd /Users/michele/Documents/Ninety-app
    construct-stub-executor-link-file-list /Users/michele/Library/Developer/Xcode/DerivedData/Ninety-dgdgpfwgmyzmvsajgwhxktscetgw/Build/Intermediates.noindex/Ninety.build/Debug-watchsimulator/NinetyWatch\ Watch\ App.build/Objects-normal/arm64/Binary/NinetyWatch\ Watch\ App.debug.dylib /Applications/Xcode.app/Contents/Developer/Platforms/WatchSimulator.platform/Developer/usr/lib/libPreviewsJITStubExecutor_no_swift_entry_point.a /Applications/Xcode.app/Contents/Developer/Platforms/WatchSimulator.platform/Developer/usr/lib/libPreviewsJITStubExecutor.a --output /Users/michele/Library/Developer/Xcode/DerivedData/Ninety-dgdgpfwgmyzmvsajgwhxktscetgw/Build/Intermediates.noindex/Ninety.build/Debug-watchsimulator/NinetyWatch\ Watch\ App.build/NinetyWatch\ Watch\ App-ExecutorLinkFileList-normal-arm64.txt
note: Using stub executor library with Swift entry point. (in target 'NinetyWatch Watch App' from project 'Ninety')

Ld /Users/michele/Library/Developer/Xcode/DerivedData/Ninety-dgdgpfwgmyzmvsajgwhxktscetgw/Build/Intermediates.noindex/Ninety.build/Debug-watchsimulator/NinetyWatch\ Watch\ App.build/Objects-normal/arm64/Binary/NinetyWatch\ Watch\ App normal arm64 (in target 'NinetyWatch Watch App' from project 'Ninety')
    cd /Users/michele/Documents/Ninety-app
    /Applications/Xcode.app/Contents/Developer/Toolchains/XcodeDefault.xctoolchain/usr/bin/clang -Xlinker -reproducible -target arm64-apple-watchos26.0-simulator -isysroot /Applications/Xcode.app/Contents/Developer/Platforms/WatchSimulator.platform/Developer/SDKs/WatchSimulator26.4.sdk -O0 -L/Users/michele/Library/Developer/Xcode/DerivedData/Ninety-dgdgpfwgmyzmvsajgwhxktscetgw/Build/Products/Debug-watchsimulator -F/Users/michele/Library/Developer/Xcode/DerivedData/Ninety-dgdgpfwgmyzmvsajgwhxktscetgw/Build/Products/Debug-watchsimulator -Xlinker -rpath -Xlinker @executable_path -Xlinker -rpath -Xlinker @executable_path/Frameworks -rdynamic -Xlinker -no_deduplicate -Xlinker -objc_abi_version -Xlinker 2 -e ___debug_blank_executor_main -Xlinker -sectcreate -Xlinker __TEXT -Xlinker __debug_dylib -Xlinker /Users/michele/Library/Developer/Xcode/DerivedData/Ninety-dgdgpfwgmyzmvsajgwhxktscetgw/Build/Intermediates.noindex/Ninety.build/Debug-watchsimulator/NinetyWatch\ Watch\ App.build/NinetyWatch\ Watch\ App-DebugDylibPath-normal-arm64.txt -Xlinker -sectcreate -Xlinker __TEXT -Xlinker __debug_instlnm -Xlinker /Users/michele/Library/Developer/Xcode/DerivedData/Ninety-dgdgpfwgmyzmvsajgwhxktscetgw/Build/Intermediates.noindex/Ninety.build/Debug-watchsimulator/NinetyWatch\ Watch\ App.build/NinetyWatch\ Watch\ App-DebugDylibInstallName-normal-arm64.txt -Xlinker -filelist -Xlinker /Users/michele/Library/Developer/Xcode/DerivedData/Ninety-dgdgpfwgmyzmvsajgwhxktscetgw/Build/Intermediates.noindex/Ninety.build/Debug-watchsimulator/NinetyWatch\ Watch\ App.build/NinetyWatch\ Watch\ App-ExecutorLinkFileList-normal-arm64.txt -Xlinker -sectcreate -Xlinker __TEXT -Xlinker __entitlements -Xlinker /Users/michele/Library/Developer/Xcode/DerivedData/Ninety-dgdgpfwgmyzmvsajgwhxktscetgw/Build/Intermediates.noindex/Ninety.build/Debug-watchsimulator/NinetyWatch\ Watch\ App.build/NinetyWatch\ Watch\ App.app-Simulated.xcent -Xlinker -sectcreate -Xlinker __TEXT -Xlinker __ents_der -Xlinker /Users/michele/Library/Developer/Xcode/DerivedData/Ninety-dgdgpfwgmyzmvsajgwhxktscetgw/Build/Intermediates.noindex/Ninety.build/Debug-watchsimulator/NinetyWatch\ Watch\ App.build/NinetyWatch\ Watch\ App.app-Simulated.xcent.der /Users/michele/Library/Developer/Xcode/DerivedData/Ninety-dgdgpfwgmyzmvsajgwhxktscetgw/Build/Intermediates.noindex/Ninety.build/Debug-watchsimulator/NinetyWatch\ Watch\ App.build/Objects-normal/arm64/Binary/NinetyWatch\ Watch\ App.debug.dylib -Xlinker -no_adhoc_codesign -o /Users/michele/Library/Developer/Xcode/DerivedData/Ninety-dgdgpfwgmyzmvsajgwhxktscetgw/Build/Intermediates.noindex/Ninety.build/Debug-watchsimulator/NinetyWatch\ Watch\ App.build/Objects-normal/arm64/Binary/NinetyWatch\ Watch\ App

CreateUniversalBinary /Users/michele/Library/Developer/Xcode/DerivedData/Ninety-dgdgpfwgmyzmvsajgwhxktscetgw/Build/Products/Debug-watchsimulator/NinetyWatch\ Watch\ App.app/NinetyWatch\ Watch\ App.debug.dylib normal arm64\ x86_64 (in target 'NinetyWatch Watch App' from project 'Ninety')
    cd /Users/michele/Documents/Ninety-app
    /Applications/Xcode.app/Contents/Developer/Toolchains/XcodeDefault.xctoolchain/usr/bin/lipo -create /Users/michele/Library/Developer/Xcode/DerivedData/Ninety-dgdgpfwgmyzmvsajgwhxktscetgw/Build/Intermediates.noindex/Ninety.build/Debug-watchsimulator/NinetyWatch\ Watch\ App.build/Objects-normal/arm64/Binary/NinetyWatch\ Watch\ App.debug.dylib /Users/michele/Library/Developer/Xcode/DerivedData/Ninety-dgdgpfwgmyzmvsajgwhxktscetgw/Build/Intermediates.noindex/Ninety.build/Debug-watchsimulator/NinetyWatch\ Watch\ App.build/Objects-normal/x86_64/Binary/NinetyWatch\ Watch\ App.debug.dylib -output /Users/michele/Library/Developer/Xcode/DerivedData/Ninety-dgdgpfwgmyzmvsajgwhxktscetgw/Build/Products/Debug-watchsimulator/NinetyWatch\ Watch\ App.app/NinetyWatch\ Watch\ App.debug.dylib

ConstructStubExecutorLinkFileList /Users/michele/Library/Developer/Xcode/DerivedData/Ninety-dgdgpfwgmyzmvsajgwhxktscetgw/Build/Intermediates.noindex/Ninety.build/Debug-watchsimulator/NinetyWatch\ Watch\ App.build/NinetyWatch\ Watch\ App-ExecutorLinkFileList-normal-x86_64.txt (in target 'NinetyWatch Watch App' from project 'Ninety')
    cd /Users/michele/Documents/Ninety-app
    construct-stub-executor-link-file-list /Users/michele/Library/Developer/Xcode/DerivedData/Ninety-dgdgpfwgmyzmvsajgwhxktscetgw/Build/Intermediates.noindex/Ninety.build/Debug-watchsimulator/NinetyWatch\ Watch\ App.build/Objects-normal/x86_64/Binary/NinetyWatch\ Watch\ App.debug.dylib /Applications/Xcode.app/Contents/Developer/Platforms/WatchSimulator.platform/Developer/usr/lib/libPreviewsJITStubExecutor_no_swift_entry_point.a /Applications/Xcode.app/Contents/Developer/Platforms/WatchSimulator.platform/Developer/usr/lib/libPreviewsJITStubExecutor.a --output /Users/michele/Library/Developer/Xcode/DerivedData/Ninety-dgdgpfwgmyzmvsajgwhxktscetgw/Build/Intermediates.noindex/Ninety.build/Debug-watchsimulator/NinetyWatch\ Watch\ App.build/NinetyWatch\ Watch\ App-ExecutorLinkFileList-normal-x86_64.txt
note: Using stub executor library with Swift entry point. (in target 'NinetyWatch Watch App' from project 'Ninety')

Ld /Users/michele/Library/Developer/Xcode/DerivedData/Ninety-dgdgpfwgmyzmvsajgwhxktscetgw/Build/Intermediates.noindex/Ninety.build/Debug-watchsimulator/NinetyWatch\ Watch\ App.build/Objects-normal/x86_64/Binary/NinetyWatch\ Watch\ App normal x86_64 (in target 'NinetyWatch Watch App' from project 'Ninety')
    cd /Users/michele/Documents/Ninety-app
    /Applications/Xcode.app/Contents/Developer/Toolchains/XcodeDefault.xctoolchain/usr/bin/clang -Xlinker -reproducible -target x86_64-apple-watchos26.0-simulator -isysroot /Applications/Xcode.app/Contents/Developer/Platforms/WatchSimulator.platform/Developer/SDKs/WatchSimulator26.4.sdk -O0 -L/Users/michele/Library/Developer/Xcode/DerivedData/Ninety-dgdgpfwgmyzmvsajgwhxktscetgw/Build/Products/Debug-watchsimulator -F/Users/michele/Library/Developer/Xcode/DerivedData/Ninety-dgdgpfwgmyzmvsajgwhxktscetgw/Build/Products/Debug-watchsimulator -Xlinker -rpath -Xlinker @executable_path -Xlinker -rpath -Xlinker @executable_path/Frameworks -rdynamic -Xlinker -no_deduplicate -Xlinker -objc_abi_version -Xlinker 2 -e ___debug_blank_executor_main -Xlinker -sectcreate -Xlinker __TEXT -Xlinker __debug_dylib -Xlinker /Users/michele/Library/Developer/Xcode/DerivedData/Ninety-dgdgpfwgmyzmvsajgwhxktscetgw/Build/Intermediates.noindex/Ninety.build/Debug-watchsimulator/NinetyWatch\ Watch\ App.build/NinetyWatch\ Watch\ App-DebugDylibPath-normal-x86_64.txt -Xlinker -sectcreate -Xlinker __TEXT -Xlinker __debug_instlnm -Xlinker /Users/michele/Library/Developer/Xcode/DerivedData/Ninety-dgdgpfwgmyzmvsajgwhxktscetgw/Build/Intermediates.noindex/Ninety.build/Debug-watchsimulator/NinetyWatch\ Watch\ App.build/NinetyWatch\ Watch\ App-DebugDylibInstallName-normal-x86_64.txt -Xlinker -filelist -Xlinker /Users/michele/Library/Developer/Xcode/DerivedData/Ninety-dgdgpfwgmyzmvsajgwhxktscetgw/Build/Intermediates.noindex/Ninety.build/Debug-watchsimulator/NinetyWatch\ Watch\ App.build/NinetyWatch\ Watch\ App-ExecutorLinkFileList-normal-x86_64.txt -Xlinker -sectcreate -Xlinker __TEXT -Xlinker __entitlements -Xlinker /Users/michele/Library/Developer/Xcode/DerivedData/Ninety-dgdgpfwgmyzmvsajgwhxktscetgw/Build/Intermediates.noindex/Ninety.build/Debug-watchsimulator/NinetyWatch\ Watch\ App.build/NinetyWatch\ Watch\ App.app-Simulated.xcent -Xlinker -sectcreate -Xlinker __TEXT -Xlinker __ents_der -Xlinker /Users/michele/Library/Developer/Xcode/DerivedData/Ninety-dgdgpfwgmyzmvsajgwhxktscetgw/Build/Intermediates.noindex/Ninety.build/Debug-watchsimulator/NinetyWatch\ Watch\ App.build/NinetyWatch\ Watch\ App.app-Simulated.xcent.der /Users/michele/Library/Developer/Xcode/DerivedData/Ninety-dgdgpfwgmyzmvsajgwhxktscetgw/Build/Intermediates.noindex/Ninety.build/Debug-watchsimulator/NinetyWatch\ Watch\ App.build/Objects-normal/x86_64/Binary/NinetyWatch\ Watch\ App.debug.dylib -Xlinker -no_adhoc_codesign -o /Users/michele/Library/Developer/Xcode/DerivedData/Ninety-dgdgpfwgmyzmvsajgwhxktscetgw/Build/Intermediates.noindex/Ninety.build/Debug-watchsimulator/NinetyWatch\ Watch\ App.build/Objects-normal/x86_64/Binary/NinetyWatch\ Watch\ App

CreateUniversalBinary /Users/michele/Library/Developer/Xcode/DerivedData/Ninety-dgdgpfwgmyzmvsajgwhxktscetgw/Build/Products/Debug-watchsimulator/NinetyWatch\ Watch\ App.app/NinetyWatch\ Watch\ App normal arm64\ x86_64 (in target 'NinetyWatch Watch App' from project 'Ninety')
    cd /Users/michele/Documents/Ninety-app
    /Applications/Xcode.app/Contents/Developer/Toolchains/XcodeDefault.xctoolchain/usr/bin/lipo -create /Users/michele/Library/Developer/Xcode/DerivedData/Ninety-dgdgpfwgmyzmvsajgwhxktscetgw/Build/Intermediates.noindex/Ninety.build/Debug-watchsimulator/NinetyWatch\ Watch\ App.build/Objects-normal/arm64/Binary/NinetyWatch\ Watch\ App /Users/michele/Library/Developer/Xcode/DerivedData/Ninety-dgdgpfwgmyzmvsajgwhxktscetgw/Build/Intermediates.noindex/Ninety.build/Debug-watchsimulator/NinetyWatch\ Watch\ App.build/Objects-normal/x86_64/Binary/NinetyWatch\ Watch\ App -output /Users/michele/Library/Developer/Xcode/DerivedData/Ninety-dgdgpfwgmyzmvsajgwhxktscetgw/Build/Products/Debug-watchsimulator/NinetyWatch\ Watch\ App.app/NinetyWatch\ Watch\ App

ExtractAppIntentsMetadata (in target 'NinetyWatch Watch App' from project 'Ninety')
    cd /Users/michele/Documents/Ninety-app
    /Applications/Xcode.app/Contents/Developer/Toolchains/XcodeDefault.xctoolchain/usr/bin/appintentsmetadataprocessor --toolchain-dir /Applications/Xcode.app/Contents/Developer/Toolchains/XcodeDefault.xctoolchain --module-name NinetyWatch_Watch_App --sdk-root /Applications/Xcode.app/Contents/Developer/Platforms/WatchSimulator.platform/Developer/SDKs/WatchSimulator26.4.sdk --xcode-version 17E202 --platform-family watchOS --deployment-target 26.0 --bundle-identifier it.ninetyTeam.ninety.watchkitapp --output /Users/michele/Library/Developer/Xcode/DerivedData/Ninety-dgdgpfwgmyzmvsajgwhxktscetgw/Build/Products/Debug-watchsimulator/NinetyWatch\ Watch\ App.app --target-triple arm64-apple-watchos26.0-simulator --target-triple x86_64-apple-watchos26.0-simulator --binary-file /Users/michele/Library/Developer/Xcode/DerivedData/Ninety-dgdgpfwgmyzmvsajgwhxktscetgw/Build/Products/Debug-watchsimulator/NinetyWatch\ Watch\ App.app/NinetyWatch\ Watch\ App --dependency-file /Users/michele/Library/Developer/Xcode/DerivedData/Ninety-dgdgpfwgmyzmvsajgwhxktscetgw/Build/Intermediates.noindex/Ninety.build/Debug-watchsimulator/NinetyWatch\ Watch\ App.build/Objects-normal/arm64/NinetyWatch\ Watch\ App_dependency_info.dat --dependency-file /Users/michele/Library/Developer/Xcode/DerivedData/Ninety-dgdgpfwgmyzmvsajgwhxktscetgw/Build/Intermediates.noindex/Ninety.build/Debug-watchsimulator/NinetyWatch\ Watch\ App.build/Objects-normal/x86_64/NinetyWatch\ Watch\ App_dependency_info.dat --stringsdata-file /Users/michele/Library/Developer/Xcode/DerivedData/Ninety-dgdgpfwgmyzmvsajgwhxktscetgw/Build/Intermediates.noindex/Ninety.build/Debug-watchsimulator/NinetyWatch\ Watch\ App.build/Objects-normal/arm64/ExtractedAppShortcutsMetadata.stringsdata --stringsdata-file /Users/michele/Library/Developer/Xcode/DerivedData/Ninety-dgdgpfwgmyzmvsajgwhxktscetgw/Build/Intermediates.noindex/Ninety.build/Debug-watchsimulator/NinetyWatch\ Watch\ App.build/Objects-normal/x86_64/ExtractedAppShortcutsMetadata.stringsdata --source-file-list /Users/michele/Library/Developer/Xcode/DerivedData/Ninety-dgdgpfwgmyzmvsajgwhxktscetgw/Build/Intermediates.noindex/Ninety.build/Debug-watchsimulator/NinetyWatch\ Watch\ App.build/Objects-normal/arm64/NinetyWatch\ Watch\ App.SwiftFileList --source-file-list /Users/michele/Library/Developer/Xcode/DerivedData/Ninety-dgdgpfwgmyzmvsajgwhxktscetgw/Build/Intermediates.noindex/Ninety.build/Debug-watchsimulator/NinetyWatch\ Watch\ App.build/Objects-normal/x86_64/NinetyWatch\ Watch\ App.SwiftFileList --metadata-file-list /Users/michele/Library/Developer/Xcode/DerivedData/Ninety-dgdgpfwgmyzmvsajgwhxktscetgw/Build/Intermediates.noindex/Ninety.build/Debug-watchsimulator/NinetyWatch\ Watch\ App.build/NinetyWatch\ Watch\ App.DependencyMetadataFileList --static-metadata-file-list /Users/michele/Library/Developer/Xcode/DerivedData/Ninety-dgdgpfwgmyzmvsajgwhxktscetgw/Build/Intermediates.noindex/Ninety.build/Debug-watchsimulator/NinetyWatch\ Watch\ App.build/NinetyWatch\ Watch\ App.DependencyStaticMetadataFileList --swift-const-vals-list /Users/michele/Library/Developer/Xcode/DerivedData/Ninety-dgdgpfwgmyzmvsajgwhxktscetgw/Build/Intermediates.noindex/Ninety.build/Debug-watchsimulator/NinetyWatch\ Watch\ App.build/Objects-normal/arm64/NinetyWatch\ Watch\ App.SwiftConstValuesFileList --swift-const-vals-list /Users/michele/Library/Developer/Xcode/DerivedData/Ninety-dgdgpfwgmyzmvsajgwhxktscetgw/Build/Intermediates.noindex/Ninety.build/Debug-watchsimulator/NinetyWatch\ Watch\ App.build/Objects-normal/x86_64/NinetyWatch\ Watch\ App.SwiftConstValuesFileList --compile-time-extraction --deployment-aware-processing --validate-assistant-intents --no-app-shortcuts-localization
2026-06-21 21:08:21.737 appintentsmetadataprocessor[11686:297811] Starting appintentsmetadataprocessor export
2026-06-21 21:08:21.842 appintentsmetadataprocessor[11686:297811] Writing Metadata.appintents
2026-06-21 21:08:21.842 appintentsmetadataprocessor[11686:297811] Metadata root: /Users/michele/Library/Developer/Xcode/DerivedData/Ninety-dgdgpfwgmyzmvsajgwhxktscetgw/Build/Products/Debug-watchsimulator/NinetyWatch Watch App.app/Metadata.appintents

CopySwiftLibs /Users/michele/Library/Developer/Xcode/DerivedData/Ninety-dgdgpfwgmyzmvsajgwhxktscetgw/Build/Products/Debug-watchsimulator/NinetyWatch\ Watch\ App.app (in target 'NinetyWatch Watch App' from project 'Ninety')
    cd /Users/michele/Documents/Ninety-app
    builtin-swiftStdLibTool --copy --verbose --sign - --scan-executable /Users/michele/Library/Developer/Xcode/DerivedData/Ninety-dgdgpfwgmyzmvsajgwhxktscetgw/Build/Products/Debug-watchsimulator/NinetyWatch\ Watch\ App.app/NinetyWatch\ Watch\ App.debug.dylib --scan-folder /Users/michele/Library/Developer/Xcode/DerivedData/Ninety-dgdgpfwgmyzmvsajgwhxktscetgw/Build/Products/Debug-watchsimulator/NinetyWatch\ Watch\ App.app/Frameworks --scan-folder /Users/michele/Library/Developer/Xcode/DerivedData/Ninety-dgdgpfwgmyzmvsajgwhxktscetgw/Build/Products/Debug-watchsimulator/NinetyWatch\ Watch\ App.app/PlugIns --scan-folder /Users/michele/Library/Developer/Xcode/DerivedData/Ninety-dgdgpfwgmyzmvsajgwhxktscetgw/Build/Products/Debug-watchsimulator/NinetyWatch\ Watch\ App.app/SystemExtensions --scan-folder /Users/michele/Library/Developer/Xcode/DerivedData/Ninety-dgdgpfwgmyzmvsajgwhxktscetgw/Build/Products/Debug-watchsimulator/NinetyWatch\ Watch\ App.app/Extensions --scan-folder /Applications/Xcode.app/Contents/Developer/Platforms/WatchOS.platform/Developer/SDKs/WatchOS26.4.sdk/System/Library/Frameworks/CoreMotion.framework --platform watchsimulator --toolchain /Applications/Xcode.app/Contents/Developer/Toolchains/XcodeDefault.xctoolchain --destination /Users/michele/Library/Developer/Xcode/DerivedData/Ninety-dgdgpfwgmyzmvsajgwhxktscetgw/Build/Products/Debug-watchsimulator/NinetyWatch\ Watch\ App.app/Frameworks --strip-bitcode --strip-bitcode-tool /Applications/Xcode.app/Contents/Developer/Toolchains/XcodeDefault.xctoolchain/usr/bin/bitcode_strip --emit-dependency-info /Users/michele/Library/Developer/Xcode/DerivedData/Ninety-dgdgpfwgmyzmvsajgwhxktscetgw/Build/Intermediates.noindex/Ninety.build/Debug-watchsimulator/NinetyWatch\ Watch\ App.build/SwiftStdLibToolInputDependencies.dep --filter-for-swift-os

CodeSign /Users/michele/Library/Developer/Xcode/DerivedData/Ninety-dgdgpfwgmyzmvsajgwhxktscetgw/Build/Products/Debug-watchsimulator/NinetyWatch\ Watch\ App.app/NinetyWatch\ Watch\ App.debug.dylib (in target 'NinetyWatch Watch App' from project 'Ninety')
    cd /Users/michele/Documents/Ninety-app
    
    Signing Identity:     "Sign to Run Locally"
    
    /usr/bin/codesign --force --sign - --timestamp\=none --generate-entitlement-der /Users/michele/Library/Developer/Xcode/DerivedData/Ninety-dgdgpfwgmyzmvsajgwhxktscetgw/Build/Products/Debug-watchsimulator/NinetyWatch\ Watch\ App.app/NinetyWatch\ Watch\ App.debug.dylib

CodeSign /Users/michele/Library/Developer/Xcode/DerivedData/Ninety-dgdgpfwgmyzmvsajgwhxktscetgw/Build/Products/Debug-watchsimulator/NinetyWatch\ Watch\ App.app/__preview.dylib (in target 'NinetyWatch Watch App' from project 'Ninety')
    cd /Users/michele/Documents/Ninety-app
    
    Signing Identity:     "Sign to Run Locally"
    
    /usr/bin/codesign --force --sign - --timestamp\=none --generate-entitlement-der /Users/michele/Library/Developer/Xcode/DerivedData/Ninety-dgdgpfwgmyzmvsajgwhxktscetgw/Build/Products/Debug-watchsimulator/NinetyWatch\ Watch\ App.app/__preview.dylib

CodeSign /Users/michele/Library/Developer/Xcode/DerivedData/Ninety-dgdgpfwgmyzmvsajgwhxktscetgw/Build/Products/Debug-watchsimulator/NinetyWatch\ Watch\ App.app (in target 'NinetyWatch Watch App' from project 'Ninety')
    cd /Users/michele/Documents/Ninety-app
    
    Signing Identity:     "Sign to Run Locally"
    
    /usr/bin/codesign --force --sign - --entitlements /Users/michele/Library/Developer/Xcode/DerivedData/Ninety-dgdgpfwgmyzmvsajgwhxktscetgw/Build/Intermediates.noindex/Ninety.build/Debug-watchsimulator/NinetyWatch\ Watch\ App.build/NinetyWatch\ Watch\ App.app.xcent --timestamp\=none --generate-entitlement-der /Users/michele/Library/Developer/Xcode/DerivedData/Ninety-dgdgpfwgmyzmvsajgwhxktscetgw/Build/Products/Debug-watchsimulator/NinetyWatch\ Watch\ App.app

Validate /Users/michele/Library/Developer/Xcode/DerivedData/Ninety-dgdgpfwgmyzmvsajgwhxktscetgw/Build/Products/Debug-watchsimulator/NinetyWatch\ Watch\ App.app (in target 'NinetyWatch Watch App' from project 'Ninety')
    cd /Users/michele/Documents/Ninety-app
    builtin-validationUtility /Users/michele/Library/Developer/Xcode/DerivedData/Ninety-dgdgpfwgmyzmvsajgwhxktscetgw/Build/Products/Debug-watchsimulator/NinetyWatch\ Watch\ App.app -shallow-bundle -infoplist-subpath Info.plist

CopyStringsFile /Users/michele/Library/Developer/Xcode/DerivedData/Ninety-dgdgpfwgmyzmvsajgwhxktscetgw/Build/Products/Debug-watchsimulator/Ninety.app/AppShortcuts.strings /Users/michele/Documents/Ninety-app/Ninety/AppShortcuts.strings (in target 'Ninety' from project 'Ninety')
    cd /Users/michele/Documents/Ninety-app
    builtin-copyStrings --validate --outputencoding binary --outfilename AppShortcuts.strings --outdir /Users/michele/Library/Developer/Xcode/DerivedData/Ninety-dgdgpfwgmyzmvsajgwhxktscetgw/Build/Products/Debug-watchsimulator/Ninety.app -- /Users/michele/Documents/Ninety-app/Ninety/AppShortcuts.strings
/Users/michele/Documents/Ninety-app/Ninety/AppShortcuts.strings:1:1: note: detected encoding of input file as Unicode (UTF-8) (in target 'Ninety' from project 'Ninety')

ValidateDevelopmentAssets /Users/michele/Library/Developer/Xcode/DerivedData/Ninety-dgdgpfwgmyzmvsajgwhxktscetgw/Build/Intermediates.noindex/Ninety.build/Debug-watchsimulator/Ninety.build (in target 'Ninety' from project 'Ninety')
    cd /Users/michele/Documents/Ninety-app
    builtin-validate-development-assets --validate YES_ERROR /Users/michele/Documents/Ninety-app/Ninety/Preview\ Content

Ld /Users/michele/Library/Developer/Xcode/DerivedData/Ninety-dgdgpfwgmyzmvsajgwhxktscetgw/Build/Intermediates.noindex/Ninety.build/Debug-watchsimulator/Ninety.build/Objects-normal/x86_64/Binary/__preview.dylib normal x86_64 (in target 'Ninety' from project 'Ninety')
    cd /Users/michele/Documents/Ninety-app
    /Applications/Xcode.app/Contents/Developer/Toolchains/XcodeDefault.xctoolchain/usr/bin/clang -Xlinker -reproducible -target x86_64-apple-watchos26.4-simulator -dynamiclib -isysroot /Applications/Xcode.app/Contents/Developer/Platforms/WatchSimulator.platform/Developer/SDKs/WatchSimulator26.4.sdk -O0 -L/Users/michele/Library/Developer/Xcode/DerivedData/Ninety-dgdgpfwgmyzmvsajgwhxktscetgw/Build/Products/Debug-watchsimulator -F/Users/michele/Library/Developer/Xcode/DerivedData/Ninety-dgdgpfwgmyzmvsajgwhxktscetgw/Build/Products/Debug-watchsimulator -install_name @rpath/Ninety.debug.dylib -Xlinker -dead_strip -rdynamic -Xlinker -no_deduplicate -Xlinker -objc_abi_version -Xlinker 2 -Xlinker -dependency_info -Xlinker /Users/michele/Library/Developer/Xcode/DerivedData/Ninety-dgdgpfwgmyzmvsajgwhxktscetgw/Build/Intermediates.noindex/Ninety.build/Debug-watchsimulator/Ninety.build/Objects-normal/x86_64/Ninety_dependency_info.dat -Xlinker -sectcreate -Xlinker __TEXT -Xlinker __entitlements -Xlinker /Users/michele/Library/Developer/Xcode/DerivedData/Ninety-dgdgpfwgmyzmvsajgwhxktscetgw/Build/Intermediates.noindex/Ninety.build/Debug-watchsimulator/Ninety.build/Ninety.app-Simulated.xcent -Xlinker -sectcreate -Xlinker __TEXT -Xlinker __ents_der -Xlinker /Users/michele/Library/Developer/Xcode/DerivedData/Ninety-dgdgpfwgmyzmvsajgwhxktscetgw/Build/Intermediates.noindex/Ninety.build/Debug-watchsimulator/Ninety.build/Ninety.app-Simulated.xcent.der -Xlinker -no_adhoc_codesign -o /Users/michele/Library/Developer/Xcode/DerivedData/Ninety-dgdgpfwgmyzmvsajgwhxktscetgw/Build/Intermediates.noindex/Ninety.build/Debug-watchsimulator/Ninety.build/Objects-normal/x86_64/Binary/__preview.dylib

Ld /Users/michele/Library/Developer/Xcode/DerivedData/Ninety-dgdgpfwgmyzmvsajgwhxktscetgw/Build/Intermediates.noindex/Ninety.build/Debug-watchsimulator/Ninety.build/Objects-normal/arm64/Binary/__preview.dylib normal arm64 (in target 'Ninety' from project 'Ninety')
    cd /Users/michele/Documents/Ninety-app
    /Applications/Xcode.app/Contents/Developer/Toolchains/XcodeDefault.xctoolchain/usr/bin/clang -Xlinker -reproducible -target arm64-apple-watchos26.4-simulator -dynamiclib -isysroot /Applications/Xcode.app/Contents/Developer/Platforms/WatchSimulator.platform/Developer/SDKs/WatchSimulator26.4.sdk -O0 -L/Users/michele/Library/Developer/Xcode/DerivedData/Ninety-dgdgpfwgmyzmvsajgwhxktscetgw/Build/Products/Debug-watchsimulator -F/Users/michele/Library/Developer/Xcode/DerivedData/Ninety-dgdgpfwgmyzmvsajgwhxktscetgw/Build/Products/Debug-watchsimulator -install_name @rpath/Ninety.debug.dylib -Xlinker -dead_strip -rdynamic -Xlinker -no_deduplicate -Xlinker -objc_abi_version -Xlinker 2 -Xlinker -dependency_info -Xlinker /Users/michele/Library/Developer/Xcode/DerivedData/Ninety-dgdgpfwgmyzmvsajgwhxktscetgw/Build/Intermediates.noindex/Ninety.build/Debug-watchsimulator/Ninety.build/Objects-normal/arm64/Ninety_dependency_info.dat -Xlinker -sectcreate -Xlinker __TEXT -Xlinker __entitlements -Xlinker /Users/michele/Library/Developer/Xcode/DerivedData/Ninety-dgdgpfwgmyzmvsajgwhxktscetgw/Build/Intermediates.noindex/Ninety.build/Debug-watchsimulator/Ninety.build/Ninety.app-Simulated.xcent -Xlinker -sectcreate -Xlinker __TEXT -Xlinker __ents_der -Xlinker /Users/michele/Library/Developer/Xcode/DerivedData/Ninety-dgdgpfwgmyzmvsajgwhxktscetgw/Build/Intermediates.noindex/Ninety.build/Debug-watchsimulator/Ninety.build/Ninety.app-Simulated.xcent.der -Xlinker -no_adhoc_codesign -o /Users/michele/Library/Developer/Xcode/DerivedData/Ninety-dgdgpfwgmyzmvsajgwhxktscetgw/Build/Intermediates.noindex/Ninety.build/Debug-watchsimulator/Ninety.build/Objects-normal/arm64/Binary/__preview.dylib

CreateUniversalBinary /Users/michele/Library/Developer/Xcode/DerivedData/Ninety-dgdgpfwgmyzmvsajgwhxktscetgw/Build/Products/Debug-watchsimulator/Ninety.app/__preview.dylib normal arm64\ x86_64 (in target 'Ninety' from project 'Ninety')
    cd /Users/michele/Documents/Ninety-app
    /Applications/Xcode.app/Contents/Developer/Toolchains/XcodeDefault.xctoolchain/usr/bin/lipo -create /Users/michele/Library/Developer/Xcode/DerivedData/Ninety-dgdgpfwgmyzmvsajgwhxktscetgw/Build/Intermediates.noindex/Ninety.build/Debug-watchsimulator/Ninety.build/Objects-normal/arm64/Binary/__preview.dylib /Users/michele/Library/Developer/Xcode/DerivedData/Ninety-dgdgpfwgmyzmvsajgwhxktscetgw/Build/Intermediates.noindex/Ninety.build/Debug-watchsimulator/Ninety.build/Objects-normal/x86_64/Binary/__preview.dylib -output /Users/michele/Library/Developer/Xcode/DerivedData/Ninety-dgdgpfwgmyzmvsajgwhxktscetgw/Build/Products/Debug-watchsimulator/Ninety.app/__preview.dylib

** BUILD FAILED **


The following build commands failed:
	SwiftDriver Ninety normal arm64 com.apple.xcode.tools.swift.compiler (in target 'Ninety' from project 'Ninety')
	SwiftDriver Ninety normal x86_64 com.apple.xcode.tools.swift.compiler (in target 'Ninety' from project 'Ninety')
	Building project Ninety with scheme NinetyWatch Watch App and configuration Debug
(3 failures)
